Archive member included because of file (symbol)

c:/program files/atmel/avr studio 5.1/extensions/atmel/avrgcc/3.3.1.27/avrtoolchain/bin/../lib/gcc/avr/4.5.1/avr5\libgcc.a(_udivmodhi4.o)
                              direcao_def.o (__udivmodhi4)
c:/program files/atmel/avr studio 5.1/extensions/atmel/avrgcc/3.3.1.27/avrtoolchain/bin/../lib/gcc/avr/4.5.1/avr5\libgcc.a(_exit.o)
                              c:/program files/atmel/avr studio 5.1/extensions/atmel/avrgcc/3.3.1.27/avrtoolchain/bin/../lib/gcc/avr/4.5.1/../../../../avr/lib/avr5/crtm328.o (exit)
c:/program files/atmel/avr studio 5.1/extensions/atmel/avrgcc/3.3.1.27/avrtoolchain/bin/../lib/gcc/avr/4.5.1/avr5\libgcc.a(_clear_bss.o)
                              ControleCarro.o (__do_clear_bss)

Allocating common symbols
Common symbol       size              file

bufferRX_g          0xb               ControleCarro.o

Memory Configuration

Name             Origin             Length             Attributes
text             0x00000000         0x00020000         xr
data             0x00800060         0x0000ffa0         rw !x
eeprom           0x00810000         0x00010000         rw !x
fuse             0x00820000         0x00000400         rw !x
lock             0x00830000         0x00000400         rw !x
signature        0x00840000         0x00000400         rw !x
*default*        0x00000000         0xffffffff

Linker script and memory map

Address of section .data set to 0x800100
LOAD c:/program files/atmel/avr studio 5.1/extensions/atmel/avrgcc/3.3.1.27/avrtoolchain/bin/../lib/gcc/avr/4.5.1/../../../../avr/lib/avr5/crtm328.o
LOAD adc_def.o
LOAD ControleCarro.o
LOAD direcao_def.o
LOAD globals_def.o
LOAD usart_def.o
LOAD c:/program files/atmel/avr studio 5.1/extensions/atmel/avrgcc/3.3.1.27/avrtoolchain/bin/../lib/gcc/avr/4.5.1/../../../../avr/lib/avr5\libm.a
LOAD c:/program files/atmel/avr studio 5.1/extensions/atmel/avrgcc/3.3.1.27/avrtoolchain/bin/../lib/gcc/avr/4.5.1/avr5\libgcc.a
LOAD c:/program files/atmel/avr studio 5.1/extensions/atmel/avrgcc/3.3.1.27/avrtoolchain/bin/../lib/gcc/avr/4.5.1/../../../../avr/lib/avr5\libc.a
LOAD c:/program files/atmel/avr studio 5.1/extensions/atmel/avrgcc/3.3.1.27/avrtoolchain/bin/../lib/gcc/avr/4.5.1/avr5\libgcc.a

.hash
 *(.hash)

.dynsym
 *(.dynsym)

.dynstr
 *(.dynstr)

.gnu.version
 *(.gnu.version)

.gnu.version_d
 *(.gnu.version_d)

.gnu.version_r
 *(.gnu.version_r)

.rel.init
 *(.rel.init)

.rela.init
 *(.rela.init)

.rel.text
 *(.rel.text)
 *(.rel.text.*)
 *(.rel.gnu.linkonce.t*)

.rela.text
 *(.rela.text)
 *(.rela.text.*)
 *(.rela.gnu.linkonce.t*)

.rel.fini
 *(.rel.fini)

.rela.fini
 *(.rela.fini)

.rel.rodata
 *(.rel.rodata)
 *(.rel.rodata.*)
 *(.rel.gnu.linkonce.r*)

.rela.rodata
 *(.rela.rodata)
 *(.rela.rodata.*)
 *(.rela.gnu.linkonce.r*)

.rel.data
 *(.rel.data)
 *(.rel.data.*)
 *(.rel.gnu.linkonce.d*)

.rela.data
 *(.rela.data)
 *(.rela.data.*)
 *(.rela.gnu.linkonce.d*)

.rel.ctors
 *(.rel.ctors)

.rela.ctors
 *(.rela.ctors)

.rel.dtors
 *(.rel.dtors)

.rela.dtors
 *(.rela.dtors)

.rel.got
 *(.rel.got)

.rela.got
 *(.rela.got)

.rel.bss
 *(.rel.bss)

.rela.bss
 *(.rela.bss)

.rel.plt
 *(.rel.plt)

.rela.plt
 *(.rela.plt)

.text           0x00000000      0x678
 *(.vectors)
 .vectors       0x00000000       0x68 c:/program files/atmel/avr studio 5.1/extensions/atmel/avrgcc/3.3.1.27/avrtoolchain/bin/../lib/gcc/avr/4.5.1/../../../../avr/lib/avr5/crtm328.o
                0x00000000                __vector_default
                0x00000000                __vectors
 *(.vectors)
 *(.progmem.gcc*)
 *(.progmem*)
                0x00000068                . = ALIGN (0x2)
                0x00000068                __trampolines_start = .
 *(.trampolines)
 .trampolines   0x00000068        0x0 linker stubs
 *(.trampolines*)
                0x00000068                __trampolines_end = .
 *(.jumptables)
 *(.jumptables*)
 *(.lowtext)
 *(.lowtext*)
                0x00000068                __ctors_start = .
 *(.ctors)
                0x00000068                __ctors_end = .
                0x00000068                __dtors_start = .
 *(.dtors)
                0x00000068                __dtors_end = .
 SORT(*)(.ctors)
 SORT(*)(.dtors)
 *(.init0)
 .init0         0x00000068        0x0 c:/program files/atmel/avr studio 5.1/extensions/atmel/avrgcc/3.3.1.27/avrtoolchain/bin/../lib/gcc/avr/4.5.1/../../../../avr/lib/avr5/crtm328.o
                0x00000068                __init
 *(.init0)
 *(.init1)
 *(.init1)
 *(.init2)
 .init2         0x00000068        0xc c:/program files/atmel/avr studio 5.1/extensions/atmel/avrgcc/3.3.1.27/avrtoolchain/bin/../lib/gcc/avr/4.5.1/../../../../avr/lib/avr5/crtm328.o
 *(.init2)
 *(.init3)
 *(.init3)
 *(.init4)
 .init4         0x00000074       0x10 c:/program files/atmel/avr studio 5.1/extensions/atmel/avrgcc/3.3.1.27/avrtoolchain/bin/../lib/gcc/avr/4.5.1/avr5\libgcc.a(_clear_bss.o)
                0x00000074                __do_clear_bss
 *(.init4)
 *(.init5)
 *(.init5)
 *(.init6)
 *(.init6)
 *(.init7)
 *(.init7)
 *(.init8)
 *(.init8)
 *(.init9)
 .init9         0x00000084        0x8 c:/program files/atmel/avr studio 5.1/extensions/atmel/avrgcc/3.3.1.27/avrtoolchain/bin/../lib/gcc/avr/4.5.1/../../../../avr/lib/avr5/crtm328.o
 *(.init9)
 *(.text)
 .text          0x0000008c        0x4 c:/program files/atmel/avr studio 5.1/extensions/atmel/avrgcc/3.3.1.27/avrtoolchain/bin/../lib/gcc/avr/4.5.1/../../../../avr/lib/avr5/crtm328.o
                0x0000008c                __vector_22
                0x0000008c                __vector_1
                0x0000008c                __vector_24
                0x0000008c                __vector_12
                0x0000008c                __bad_interrupt
                0x0000008c                __vector_6
                0x0000008c                __vector_3
                0x0000008c                __vector_23
                0x0000008c                __vector_25
                0x0000008c                __vector_11
                0x0000008c                __vector_13
                0x0000008c                __vector_17
                0x0000008c                __vector_19
                0x0000008c                __vector_7
                0x0000008c                __vector_5
                0x0000008c                __vector_4
                0x0000008c                __vector_9
                0x0000008c                __vector_2
                0x0000008c                __vector_21
                0x0000008c                __vector_15
                0x0000008c                __vector_8
                0x0000008c                __vector_14
                0x0000008c                __vector_10
                0x0000008c                __vector_16
                0x0000008c                __vector_20
 .text          0x00000090       0x44 adc_def.o
                0x00000090                ADC_Init
                0x000000a8                ADC_Read
 .text          0x000000d4       0xb8 ControleCarro.o
                0x000000d4                __vector_18
                0x00000140                ValoresIniciaisBuffer
                0x00000174                main
 .text          0x0000018c      0x3e0 direcao_def.o
                0x0000018c                CalculaDutyCicleM1
                0x000001d6                CalculaDutyCicleM2
                0x00000220                SetaFonteAlimentacao
                0x0000023e                AndandoFrente
                0x0000027a                AndandoTras
                0x000002b6                CarroParado
                0x000002c8                DirecaoCarro
                0x00000384                ConfiguracoesDirecaoInit
                0x000003d2                RecebeProtocolo
                0x00000478                TensaoBateria
                0x000004c6                TensaoPainel
                0x00000520                TransmitiBuffer
 .text          0x0000056c       0x60 globals_def.o
                0x0000056c                CvrtNum2CaracterIndividual
 .text          0x000005cc       0x80 usart_def.o
                0x000005cc                Usart_Init
                0x000005e6                Usart_Transmit
                0x000005f6                Usart_Receive
                0x00000606                Usart_Write
                0x00000624                Usart_Write_Flash
 .text          0x0000064c        0x0 c:/program files/atmel/avr studio 5.1/extensions/atmel/avrgcc/3.3.1.27/avrtoolchain/bin/../lib/gcc/avr/4.5.1/avr5\libgcc.a(_udivmodhi4.o)
 .text          0x0000064c        0x0 c:/program files/atmel/avr studio 5.1/extensions/atmel/avrgcc/3.3.1.27/avrtoolchain/bin/../lib/gcc/avr/4.5.1/avr5\libgcc.a(_exit.o)
 .text          0x0000064c        0x0 c:/program files/atmel/avr studio 5.1/extensions/atmel/avrgcc/3.3.1.27/avrtoolchain/bin/../lib/gcc/avr/4.5.1/avr5\libgcc.a(_clear_bss.o)
                0x0000064c                . = ALIGN (0x2)
 *(.text.*)
 .text.libgcc   0x0000064c       0x28 c:/program files/atmel/avr studio 5.1/extensions/atmel/avrgcc/3.3.1.27/avrtoolchain/bin/../lib/gcc/avr/4.5.1/avr5\libgcc.a(_udivmodhi4.o)
                0x0000064c                __udivmodhi4
 .text.libgcc   0x00000674        0x0 c:/program files/atmel/avr studio 5.1/extensions/atmel/avrgcc/3.3.1.27/avrtoolchain/bin/../lib/gcc/avr/4.5.1/avr5\libgcc.a(_exit.o)
 .text.libgcc   0x00000674        0x0 c:/program files/atmel/avr studio 5.1/extensions/atmel/avrgcc/3.3.1.27/avrtoolchain/bin/../lib/gcc/avr/4.5.1/avr5\libgcc.a(_clear_bss.o)
                0x00000674                . = ALIGN (0x2)
 *(.fini9)
 .fini9         0x00000674        0x0 c:/program files/atmel/avr studio 5.1/extensions/atmel/avrgcc/3.3.1.27/avrtoolchain/bin/../lib/gcc/avr/4.5.1/avr5\libgcc.a(_exit.o)
                0x00000674                _exit
                0x00000674                exit
 *(.fini9)
 *(.fini8)
 *(.fini8)
 *(.fini7)
 *(.fini7)
 *(.fini6)
 *(.fini6)
 *(.fini5)
 *(.fini5)
 *(.fini4)
 *(.fini4)
 *(.fini3)
 *(.fini3)
 *(.fini2)
 *(.fini2)
 *(.fini1)
 *(.fini1)
 *(.fini0)
 .fini0         0x00000674        0x4 c:/program files/atmel/avr studio 5.1/extensions/atmel/avrgcc/3.3.1.27/avrtoolchain/bin/../lib/gcc/avr/4.5.1/avr5\libgcc.a(_exit.o)
 *(.fini0)
                0x00000678                _etext = .

.data           0x00800100        0x0 load address 0x00000678
                0x00800100                PROVIDE (__data_start, .)
 *(.data)
 .data          0x00800100        0x0 c:/program files/atmel/avr studio 5.1/extensions/atmel/avrgcc/3.3.1.27/avrtoolchain/bin/../lib/gcc/avr/4.5.1/../../../../avr/lib/avr5/crtm328.o
 .data          0x00800100        0x0 adc_def.o
 .data          0x00800100        0x0 ControleCarro.o
 .data          0x00800100        0x0 direcao_def.o
 .data          0x00800100        0x0 globals_def.o
 .data          0x00800100        0x0 usart_def.o
 .data          0x00800100        0x0 c:/program files/atmel/avr studio 5.1/extensions/atmel/avrgcc/3.3.1.27/avrtoolchain/bin/../lib/gcc/avr/4.5.1/avr5\libgcc.a(_udivmodhi4.o)
 .data          0x00800100        0x0 c:/program files/atmel/avr studio 5.1/extensions/atmel/avrgcc/3.3.1.27/avrtoolchain/bin/../lib/gcc/avr/4.5.1/avr5\libgcc.a(_exit.o)
 .data          0x00800100        0x0 c:/program files/atmel/avr studio 5.1/extensions/atmel/avrgcc/3.3.1.27/avrtoolchain/bin/../lib/gcc/avr/4.5.1/avr5\libgcc.a(_clear_bss.o)
 *(.data*)
 *(.rodata)
 *(.rodata*)
 *(.gnu.linkonce.d*)
                0x00800100                . = ALIGN (0x2)
                0x00800100                _edata = .
                0x00800100                PROVIDE (__data_end, .)

.bss            0x00800100        0xb
                0x00800100                PROVIDE (__bss_start, .)
 *(.bss)
 .bss           0x00800100        0x0 c:/program files/atmel/avr studio 5.1/extensions/atmel/avrgcc/3.3.1.27/avrtoolchain/bin/../lib/gcc/avr/4.5.1/../../../../avr/lib/avr5/crtm328.o
 .bss           0x00800100        0x0 adc_def.o
 .bss           0x00800100        0x0 ControleCarro.o
 .bss           0x00800100        0x0 direcao_def.o
 .bss           0x00800100        0x0 globals_def.o
 .bss           0x00800100        0x0 usart_def.o
 .bss           0x00800100        0x0 c:/program files/atmel/avr studio 5.1/extensions/atmel/avrgcc/3.3.1.27/avrtoolchain/bin/../lib/gcc/avr/4.5.1/avr5\libgcc.a(_udivmodhi4.o)
 .bss           0x00800100        0x0 c:/program files/atmel/avr studio 5.1/extensions/atmel/avrgcc/3.3.1.27/avrtoolchain/bin/../lib/gcc/avr/4.5.1/avr5\libgcc.a(_exit.o)
 .bss           0x00800100        0x0 c:/program files/atmel/avr studio 5.1/extensions/atmel/avrgcc/3.3.1.27/avrtoolchain/bin/../lib/gcc/avr/4.5.1/avr5\libgcc.a(_clear_bss.o)
 *(.bss*)
 *(COMMON)
 COMMON         0x00800100        0xb ControleCarro.o
                0x00800100                bufferRX_g
                0x0080010b                PROVIDE (__bss_end, .)
                0x00000678                __data_load_start = LOADADDR (.data)
                0x00000678                __data_load_end = (__data_load_start + SIZEOF (.data))

.noinit         0x0080010b        0x0
                0x0080010b                PROVIDE (__noinit_start, .)
 *(.noinit*)
                0x0080010b                PROVIDE (__noinit_end, .)
                0x0080010b                _end = .
                0x0080010b                PROVIDE (__heap_start, .)

.eeprom         0x00810000        0x0
 *(.eeprom*)
                0x00810000                __eeprom_end = .

.fuse
 *(.fuse)
 *(.lfuse)
 *(.hfuse)
 *(.efuse)

.lock
 *(.lock*)

.signature
 *(.signature*)

.stab           0x00000000      0x6cc
 *(.stab)
 .stab          0x00000000      0x6cc c:/program files/atmel/avr studio 5.1/extensions/atmel/avrgcc/3.3.1.27/avrtoolchain/bin/../lib/gcc/avr/4.5.1/../../../../avr/lib/avr5/crtm328.o

.stabstr        0x00000000       0x90
 *(.stabstr)
 .stabstr       0x00000000       0x90 c:/program files/atmel/avr studio 5.1/extensions/atmel/avrgcc/3.3.1.27/avrtoolchain/bin/../lib/gcc/avr/4.5.1/../../../../avr/lib/avr5/crtm328.o

.stab.excl
 *(.stab.excl)

.stab.exclstr
 *(.stab.exclstr)

.stab.index
 *(.stab.index)

.stab.indexstr
 *(.stab.indexstr)

.comment
 *(.comment)

.debug
 *(.debug)

.line
 *(.line)

.debug_srcinfo
 *(.debug_srcinfo)

.debug_sfnames
 *(.debug_sfnames)

.debug_aranges  0x00000000       0xa0
 *(.debug_aranges)
 .debug_aranges
                0x00000000       0x20 adc_def.o
 .debug_aranges
                0x00000020       0x20 ControleCarro.o
 .debug_aranges
                0x00000040       0x20 direcao_def.o
 .debug_aranges
                0x00000060       0x20 globals_def.o
 .debug_aranges
                0x00000080       0x20 usart_def.o

.debug_pubnames
                0x00000000      0x221
 *(.debug_pubnames)
 .debug_pubnames
                0x00000000       0x2c adc_def.o
 .debug_pubnames
                0x0000002c       0x54 ControleCarro.o
 .debug_pubnames
                0x00000080      0x104 direcao_def.o
 .debug_pubnames
                0x00000184       0x31 globals_def.o
 .debug_pubnames
                0x000001b5       0x6c usart_def.o

.debug_info     0x00000000      0x9d0
 *(.debug_info)
 .debug_info    0x00000000       0xb1 adc_def.o
 .debug_info    0x000000b1      0x196 ControleCarro.o
 .debug_info    0x00000247      0x50a direcao_def.o
 .debug_info    0x00000751       0xdf globals_def.o
 .debug_info    0x00000830      0x1a0 usart_def.o
 *(.gnu.linkonce.wi.*)

.debug_abbrev   0x00000000      0x478
 *(.debug_abbrev)
 .debug_abbrev  0x00000000       0x70 adc_def.o
 .debug_abbrev  0x00000070       0xe7 ControleCarro.o
 .debug_abbrev  0x00000157      0x1eb direcao_def.o
 .debug_abbrev  0x00000342       0x75 globals_def.o
 .debug_abbrev  0x000003b7       0xc1 usart_def.o

.debug_line     0x00000000      0xbe4
 *(.debug_line)
 .debug_line    0x00000000      0x141 adc_def.o
 .debug_line    0x00000141      0x1aa ControleCarro.o
 .debug_line    0x000002eb      0x5f9 direcao_def.o
 .debug_line    0x000008e4      0x14d globals_def.o
 .debug_line    0x00000a31      0x1b3 usart_def.o

.debug_frame    0x00000000      0x1c0
 *(.debug_frame)
 .debug_frame   0x00000000       0x30 adc_def.o
 .debug_frame   0x00000030       0x40 ControleCarro.o
 .debug_frame   0x00000070       0xd0 direcao_def.o
 .debug_frame   0x00000140       0x20 globals_def.o
 .debug_frame   0x00000160       0x60 usart_def.o

.debug_str      0x00000000      0x42c
 *(.debug_str)
 .debug_str     0x00000000       0xc5 adc_def.o
                                 0xf9 (size before relaxing)
 .debug_str     0x000000c5       0xe0 ControleCarro.o
                                0x1b2 (size before relaxing)
 .debug_str     0x000001a5      0x1b2 direcao_def.o
                                0x31d (size before relaxing)
 .debug_str     0x00000357       0x56 globals_def.o
                                0x12e (size before relaxing)
 .debug_str     0x000003ad       0x7f usart_def.o
                                0x156 (size before relaxing)

.debug_loc      0x00000000      0x43b
 *(.debug_loc)
 .debug_loc     0x00000000       0x13 adc_def.o
 .debug_loc     0x00000013      0x239 direcao_def.o
 .debug_loc     0x0000024c       0xb9 globals_def.o
 .debug_loc     0x00000305      0x136 usart_def.o

.debug_macinfo
 *(.debug_macinfo)
OUTPUT(ControleCarro.elf elf32-avr)
LOAD linker stubs

.debug_pubtypes
                0x00000000      0x119
 .debug_pubtypes
                0x00000000       0x2b adc_def.o
 .debug_pubtypes
                0x0000002b       0x3f ControleCarro.o
 .debug_pubtypes
                0x0000006a       0x59 direcao_def.o
 .debug_pubtypes
                0x000000c3       0x2b globals_def.o
 .debug_pubtypes
                0x000000ee       0x2b usart_def.o

.debug_ranges   0x00000000       0x18
 .debug_ranges  0x00000000       0x18 usart_def.o
