Archive member included because of file (symbol)

c:/program files/atmel/avr studio 5.1/extensions/atmel/avrgcc/3.3.1.27/avrtoolchain/bin/../lib/gcc/avr/4.5.1/avr5\libgcc.a(_udivmodhi4.o)
                              globals.o (__udivmodhi4)
c:/program files/atmel/avr studio 5.1/extensions/atmel/avrgcc/3.3.1.27/avrtoolchain/bin/../lib/gcc/avr/4.5.1/avr5\libgcc.a(_exit.o)
                              c:/program files/atmel/avr studio 5.1/extensions/atmel/avrgcc/3.3.1.27/avrtoolchain/bin/../lib/gcc/avr/4.5.1/../../../../avr/lib/avr5/crtm328p.o (exit)
c:/program files/atmel/avr studio 5.1/extensions/atmel/avrgcc/3.3.1.27/avrtoolchain/bin/../lib/gcc/avr/4.5.1/avr5\libgcc.a(_copy_data.o)
                              ControleRemoto.o (__do_copy_data)
c:/program files/atmel/avr studio 5.1/extensions/atmel/avrgcc/3.3.1.27/avrtoolchain/bin/../lib/gcc/avr/4.5.1/avr5\libgcc.a(_clear_bss.o)
                              ControleRemoto.o (__do_clear_bss)

Allocating common symbols
Common symbol       size              file

caracterConvertido_g
                    0x5               controle_def.o
bufferDados_g       0x11              ControleRemoto.o

Memory Configuration

Name             Origin             Length             Attributes
text             0x00000000         0x00020000         xr
data             0x00800060         0x0000ffa0         rw !x
eeprom           0x00810000         0x00010000         rw !x
fuse             0x00820000         0x00000400         rw !x
lock             0x00830000         0x00000400         rw !x
signature        0x00840000         0x00000400         rw !x
*default*        0x00000000         0xffffffff

Linker script and memory map

Address of section .data set to 0x800100
LOAD c:/program files/atmel/avr studio 5.1/extensions/atmel/avrgcc/3.3.1.27/avrtoolchain/bin/../lib/gcc/avr/4.5.1/../../../../avr/lib/avr5/crtm328p.o
LOAD adc_def.o
LOAD ControleRemoto.o
LOAD controle_def.o
LOAD globals.o
LOAD joystick.o
LOAD usart_def.o
LOAD c:/program files/atmel/avr studio 5.1/extensions/atmel/avrgcc/3.3.1.27/avrtoolchain/bin/../lib/gcc/avr/4.5.1/../../../../avr/lib/avr5\libm.a
LOAD c:/program files/atmel/avr studio 5.1/extensions/atmel/avrgcc/3.3.1.27/avrtoolchain/bin/../lib/gcc/avr/4.5.1/avr5\libgcc.a
LOAD c:/program files/atmel/avr studio 5.1/extensions/atmel/avrgcc/3.3.1.27/avrtoolchain/bin/../lib/gcc/avr/4.5.1/../../../../avr/lib/avr5\libc.a
LOAD c:/program files/atmel/avr studio 5.1/extensions/atmel/avrgcc/3.3.1.27/avrtoolchain/bin/../lib/gcc/avr/4.5.1/avr5\libgcc.a

.hash
 *(.hash)

.dynsym
 *(.dynsym)

.dynstr
 *(.dynstr)

.gnu.version
 *(.gnu.version)

.gnu.version_d
 *(.gnu.version_d)

.gnu.version_r
 *(.gnu.version_r)

.rel.init
 *(.rel.init)

.rela.init
 *(.rela.init)

.rel.text
 *(.rel.text)
 *(.rel.text.*)
 *(.rel.gnu.linkonce.t*)

.rela.text
 *(.rela.text)
 *(.rela.text.*)
 *(.rela.gnu.linkonce.t*)

.rel.fini
 *(.rel.fini)

.rela.fini
 *(.rela.fini)

.rel.rodata
 *(.rel.rodata)
 *(.rel.rodata.*)
 *(.rel.gnu.linkonce.r*)

.rela.rodata
 *(.rela.rodata)
 *(.rela.rodata.*)
 *(.rela.gnu.linkonce.r*)

.rel.data
 *(.rel.data)
 *(.rel.data.*)
 *(.rel.gnu.linkonce.d*)

.rela.data
 *(.rela.data)
 *(.rela.data.*)
 *(.rela.gnu.linkonce.d*)

.rel.ctors
 *(.rel.ctors)

.rela.ctors
 *(.rela.ctors)

.rel.dtors
 *(.rel.dtors)

.rela.dtors
 *(.rela.dtors)

.rel.got
 *(.rel.got)

.rela.got
 *(.rela.got)

.rel.bss
 *(.rel.bss)

.rela.bss
 *(.rela.bss)

.rel.plt
 *(.rel.plt)

.rela.plt
 *(.rela.plt)

.text           0x00000000      0xaf8
 *(.vectors)
 .vectors       0x00000000       0x68 c:/program files/atmel/avr studio 5.1/extensions/atmel/avrgcc/3.3.1.27/avrtoolchain/bin/../lib/gcc/avr/4.5.1/../../../../avr/lib/avr5/crtm328p.o
                0x00000000                __vector_default
                0x00000000                __vectors
 *(.vectors)
 *(.progmem.gcc*)
 *(.progmem*)
                0x00000068                . = ALIGN (0x2)
                0x00000068                __trampolines_start = .
 *(.trampolines)
 .trampolines   0x00000068        0x0 linker stubs
 *(.trampolines*)
                0x00000068                __trampolines_end = .
 *(.jumptables)
 *(.jumptables*)
 *(.lowtext)
 *(.lowtext*)
                0x00000068                __ctors_start = .
 *(.ctors)
                0x00000068                __ctors_end = .
                0x00000068                __dtors_start = .
 *(.dtors)
                0x00000068                __dtors_end = .
 SORT(*)(.ctors)
 SORT(*)(.dtors)
 *(.init0)
 .init0         0x00000068        0x0 c:/program files/atmel/avr studio 5.1/extensions/atmel/avrgcc/3.3.1.27/avrtoolchain/bin/../lib/gcc/avr/4.5.1/../../../../avr/lib/avr5/crtm328p.o
                0x00000068                __init
 *(.init0)
 *(.init1)
 *(.init1)
 *(.init2)
 .init2         0x00000068        0xc c:/program files/atmel/avr studio 5.1/extensions/atmel/avrgcc/3.3.1.27/avrtoolchain/bin/../lib/gcc/avr/4.5.1/../../../../avr/lib/avr5/crtm328p.o
 *(.init2)
 *(.init3)
 *(.init3)
 *(.init4)
 .init4         0x00000074       0x16 c:/program files/atmel/avr studio 5.1/extensions/atmel/avrgcc/3.3.1.27/avrtoolchain/bin/../lib/gcc/avr/4.5.1/avr5\libgcc.a(_copy_data.o)
                0x00000074                __do_copy_data
 .init4         0x0000008a       0x10 c:/program files/atmel/avr studio 5.1/extensions/atmel/avrgcc/3.3.1.27/avrtoolchain/bin/../lib/gcc/avr/4.5.1/avr5\libgcc.a(_clear_bss.o)
                0x0000008a                __do_clear_bss
 *(.init4)
 *(.init5)
 *(.init5)
 *(.init6)
 *(.init6)
 *(.init7)
 *(.init7)
 *(.init8)
 *(.init8)
 *(.init9)
 .init9         0x0000009a        0x8 c:/program files/atmel/avr studio 5.1/extensions/atmel/avrgcc/3.3.1.27/avrtoolchain/bin/../lib/gcc/avr/4.5.1/../../../../avr/lib/avr5/crtm328p.o
 *(.init9)
 *(.text)
 .text          0x000000a2        0x4 c:/program files/atmel/avr studio 5.1/extensions/atmel/avrgcc/3.3.1.27/avrtoolchain/bin/../lib/gcc/avr/4.5.1/../../../../avr/lib/avr5/crtm328p.o
                0x000000a2                __vector_22
                0x000000a2                __vector_1
                0x000000a2                __vector_24
                0x000000a2                __vector_12
                0x000000a2                __bad_interrupt
                0x000000a2                __vector_6
                0x000000a2                __vector_3
                0x000000a2                __vector_23
                0x000000a2                __vector_25
                0x000000a2                __vector_11
                0x000000a2                __vector_13
                0x000000a2                __vector_17
                0x000000a2                __vector_19
                0x000000a2                __vector_7
                0x000000a2                __vector_5
                0x000000a2                __vector_4
                0x000000a2                __vector_9
                0x000000a2                __vector_2
                0x000000a2                __vector_15
                0x000000a2                __vector_8
                0x000000a2                __vector_14
                0x000000a2                __vector_10
                0x000000a2                __vector_16
                0x000000a2                __vector_20
 .text          0x000000a6       0x46 adc_def.o
                0x000000a6                ADC_Init
                0x000000c0                ADC_Read
 .text          0x000000ec      0x138 ControleRemoto.o
                0x000000ec                __vector_21
                0x00000188                __vector_18
                0x000001e0                ValoresIniciaisBuffer
                0x00000200                main
 .text          0x00000224      0x452 controle_def.o
                0x00000224                cmd_LCD
                0x00000296                inic_LCD_4bits
                0x00000378                escreve_LCD
                0x00000398                EscreveCaracterLCD
                0x000003a0                LCD_setPos
                0x000003c8                Limpa_matriz_LCD
                0x0000041e                RecebeProtocolo
                0x000004a4                TransmitiBuffer
                0x00000528                MostraDadosLCD
 .text          0x00000676       0x60 globals.o
                0x00000676                CvrtNum2CaracterIndividual
 .text          0x000006d6      0x376 joystick.o
                0x000006d6                ValorLidoADEixoX
                0x000006de                ValorLidoADEixoY
                0x000006e6                PontoXNaPosInic
                0x0000071c                PontoYNaPosInic
                0x00000752                CalculaSentido
                0x00000848                DirecaoCarro
                0x000008cc                CalculaPorcentoPosicaoEixoY
                0x00000924                CalculaPorcentoPosicaoEixoX
                0x0000098c                CalculaDutyCycleLadoEsq
                0x000009ec                CalculaDutyCycleLadoDir
 .text          0x00000a4c       0x80 usart_def.o
                0x00000a4c                Usart_Init
                0x00000a66                Usart_Transmit
                0x00000a76                Usart_Receive
                0x00000a86                Usart_Write
                0x00000aa4                Usart_Write_Flash
 .text          0x00000acc        0x0 c:/program files/atmel/avr studio 5.1/extensions/atmel/avrgcc/3.3.1.27/avrtoolchain/bin/../lib/gcc/avr/4.5.1/avr5\libgcc.a(_udivmodhi4.o)
 .text          0x00000acc        0x0 c:/program files/atmel/avr studio 5.1/extensions/atmel/avrgcc/3.3.1.27/avrtoolchain/bin/../lib/gcc/avr/4.5.1/avr5\libgcc.a(_exit.o)
 .text          0x00000acc        0x0 c:/program files/atmel/avr studio 5.1/extensions/atmel/avrgcc/3.3.1.27/avrtoolchain/bin/../lib/gcc/avr/4.5.1/avr5\libgcc.a(_copy_data.o)
 .text          0x00000acc        0x0 c:/program files/atmel/avr studio 5.1/extensions/atmel/avrgcc/3.3.1.27/avrtoolchain/bin/../lib/gcc/avr/4.5.1/avr5\libgcc.a(_clear_bss.o)
                0x00000acc                . = ALIGN (0x2)
 *(.text.*)
 .text.libgcc   0x00000acc       0x28 c:/program files/atmel/avr studio 5.1/extensions/atmel/avrgcc/3.3.1.27/avrtoolchain/bin/../lib/gcc/avr/4.5.1/avr5\libgcc.a(_udivmodhi4.o)
                0x00000acc                __udivmodhi4
 .text.libgcc   0x00000af4        0x0 c:/program files/atmel/avr studio 5.1/extensions/atmel/avrgcc/3.3.1.27/avrtoolchain/bin/../lib/gcc/avr/4.5.1/avr5\libgcc.a(_exit.o)
 .text.libgcc   0x00000af4        0x0 c:/program files/atmel/avr studio 5.1/extensions/atmel/avrgcc/3.3.1.27/avrtoolchain/bin/../lib/gcc/avr/4.5.1/avr5\libgcc.a(_copy_data.o)
 .text.libgcc   0x00000af4        0x0 c:/program files/atmel/avr studio 5.1/extensions/atmel/avrgcc/3.3.1.27/avrtoolchain/bin/../lib/gcc/avr/4.5.1/avr5\libgcc.a(_clear_bss.o)
                0x00000af4                . = ALIGN (0x2)
 *(.fini9)
 .fini9         0x00000af4        0x0 c:/program files/atmel/avr studio 5.1/extensions/atmel/avrgcc/3.3.1.27/avrtoolchain/bin/../lib/gcc/avr/4.5.1/avr5\libgcc.a(_exit.o)
                0x00000af4                _exit
                0x00000af4                exit
 *(.fini9)
 *(.fini8)
 *(.fini8)
 *(.fini7)
 *(.fini7)
 *(.fini6)
 *(.fini6)
 *(.fini5)
 *(.fini5)
 *(.fini4)
 *(.fini4)
 *(.fini3)
 *(.fini3)
 *(.fini2)
 *(.fini2)
 *(.fini1)
 *(.fini1)
 *(.fini0)
 .fini0         0x00000af4        0x4 c:/program files/atmel/avr studio 5.1/extensions/atmel/avrgcc/3.3.1.27/avrtoolchain/bin/../lib/gcc/avr/4.5.1/avr5\libgcc.a(_exit.o)
 *(.fini0)
                0x00000af8                _etext = .

.data           0x00800100       0x1e load address 0x00000af8
                0x00800100                PROVIDE (__data_start, .)
 *(.data)
 .data          0x00800100        0x0 c:/program files/atmel/avr studio 5.1/extensions/atmel/avrgcc/3.3.1.27/avrtoolchain/bin/../lib/gcc/avr/4.5.1/../../../../avr/lib/avr5/crtm328p.o
 .data          0x00800100        0x0 adc_def.o
 .data          0x00800100        0x1 ControleRemoto.o
                0x00800100                podeIniciarNovaTrasmissao
 .data          0x00800101       0x10 controle_def.o
                0x0080010f                estadoCarro
 .data          0x00800111        0x0 globals.o
 .data          0x00800111        0xd joystick.o
                0x00800111                pontoInicX_g
                0x00800113                limInfPontoInicX_g
                0x00800115                limSupPontoInicX_g
                0x00800117                pontoInicY_g
                0x00800119                limInfPontoInicY_g
                0x0080011b                limSupPontoInicY_g
 .data          0x0080011e        0x0 usart_def.o
 .data          0x0080011e        0x0 c:/program files/atmel/avr studio 5.1/extensions/atmel/avrgcc/3.3.1.27/avrtoolchain/bin/../lib/gcc/avr/4.5.1/avr5\libgcc.a(_udivmodhi4.o)
 .data          0x0080011e        0x0 c:/program files/atmel/avr studio 5.1/extensions/atmel/avrgcc/3.3.1.27/avrtoolchain/bin/../lib/gcc/avr/4.5.1/avr5\libgcc.a(_exit.o)
 .data          0x0080011e        0x0 c:/program files/atmel/avr studio 5.1/extensions/atmel/avrgcc/3.3.1.27/avrtoolchain/bin/../lib/gcc/avr/4.5.1/avr5\libgcc.a(_copy_data.o)
 .data          0x0080011e        0x0 c:/program files/atmel/avr studio 5.1/extensions/atmel/avrgcc/3.3.1.27/avrtoolchain/bin/../lib/gcc/avr/4.5.1/avr5\libgcc.a(_clear_bss.o)
 *(.data*)
 *(.rodata)
 *(.rodata*)
 *(.gnu.linkonce.d*)
                0x0080011e                . = ALIGN (0x2)
                0x0080011e                _edata = .
                0x0080011e                PROVIDE (__data_end, .)

.bss            0x0080011e       0x17
                0x0080011e                PROVIDE (__bss_start, .)
 *(.bss)
 .bss           0x0080011e        0x0 c:/program files/atmel/avr studio 5.1/extensions/atmel/avrgcc/3.3.1.27/avrtoolchain/bin/../lib/gcc/avr/4.5.1/../../../../avr/lib/avr5/crtm328p.o
 .bss           0x0080011e        0x0 adc_def.o
 .bss           0x0080011e        0x1 ControleRemoto.o
 .bss           0x0080011f        0x0 controle_def.o
 .bss           0x0080011f        0x0 globals.o
 .bss           0x0080011f        0x0 joystick.o
 .bss           0x0080011f        0x0 usart_def.o
 .bss           0x0080011f        0x0 c:/program files/atmel/avr studio 5.1/extensions/atmel/avrgcc/3.3.1.27/avrtoolchain/bin/../lib/gcc/avr/4.5.1/avr5\libgcc.a(_udivmodhi4.o)
 .bss           0x0080011f        0x0 c:/program files/atmel/avr studio 5.1/extensions/atmel/avrgcc/3.3.1.27/avrtoolchain/bin/../lib/gcc/avr/4.5.1/avr5\libgcc.a(_exit.o)
 .bss           0x0080011f        0x0 c:/program files/atmel/avr studio 5.1/extensions/atmel/avrgcc/3.3.1.27/avrtoolchain/bin/../lib/gcc/avr/4.5.1/avr5\libgcc.a(_copy_data.o)
 .bss           0x0080011f        0x0 c:/program files/atmel/avr studio 5.1/extensions/atmel/avrgcc/3.3.1.27/avrtoolchain/bin/../lib/gcc/avr/4.5.1/avr5\libgcc.a(_clear_bss.o)
 *(.bss*)
 *(COMMON)
 COMMON         0x0080011f       0x11 ControleRemoto.o
                0x0080011f                bufferDados_g
 COMMON         0x00800130        0x5 controle_def.o
                0x00800130                caracterConvertido_g
                0x00800135                PROVIDE (__bss_end, .)
                0x00000af8                __data_load_start = LOADADDR (.data)
                0x00000b16                __data_load_end = (__data_load_start + SIZEOF (.data))

.noinit         0x00800135        0x0
                0x00800135                PROVIDE (__noinit_start, .)
 *(.noinit*)
                0x00800135                PROVIDE (__noinit_end, .)
                0x00800135                _end = .
                0x00800135                PROVIDE (__heap_start, .)

.eeprom         0x00810000        0x0
 *(.eeprom*)
                0x00810000                __eeprom_end = .

.fuse
 *(.fuse)
 *(.lfuse)
 *(.hfuse)
 *(.efuse)

.lock
 *(.lock*)

.signature
 *(.signature*)

.stab           0x00000000      0x6cc
 *(.stab)
 .stab          0x00000000      0x6cc c:/program files/atmel/avr studio 5.1/extensions/atmel/avrgcc/3.3.1.27/avrtoolchain/bin/../lib/gcc/avr/4.5.1/../../../../avr/lib/avr5/crtm328p.o

.stabstr        0x00000000       0x90
 *(.stabstr)
 .stabstr       0x00000000       0x90 c:/program files/atmel/avr studio 5.1/extensions/atmel/avrgcc/3.3.1.27/avrtoolchain/bin/../lib/gcc/avr/4.5.1/../../../../avr/lib/avr5/crtm328p.o

.stab.excl
 *(.stab.excl)

.stab.exclstr
 *(.stab.exclstr)

.stab.index
 *(.stab.index)

.stab.indexstr
 *(.stab.indexstr)

.comment
 *(.comment)

.debug
 *(.debug)

.line
 *(.line)

.debug_srcinfo
 *(.debug_srcinfo)

.debug_sfnames
 *(.debug_sfnames)

.debug_aranges  0x00000000       0xc0
 *(.debug_aranges)
 .debug_aranges
                0x00000000       0x20 adc_def.o
 .debug_aranges
                0x00000020       0x20 ControleRemoto.o
 .debug_aranges
                0x00000040       0x20 controle_def.o
 .debug_aranges
                0x00000060       0x20 globals.o
 .debug_aranges
                0x00000080       0x20 joystick.o
 .debug_aranges
                0x000000a0       0x20 usart_def.o

.debug_pubnames
                0x00000000      0x3ac
 *(.debug_pubnames)
 .debug_pubnames
                0x00000000       0x2c adc_def.o
 .debug_pubnames
                0x0000002c       0x85 ControleRemoto.o
 .debug_pubnames
                0x000000b1       0xe0 controle_def.o
 .debug_pubnames
                0x00000191       0x31 globals.o
 .debug_pubnames
                0x000001c2      0x17e joystick.o
 .debug_pubnames
                0x00000340       0x6c usart_def.o

.debug_info     0x00000000     0x141c
 *(.debug_info)
 .debug_info    0x00000000       0xb1 adc_def.o
 .debug_info    0x000000b1      0x246 ControleRemoto.o
 .debug_info    0x000002f7      0xa07 controle_def.o
 .debug_info    0x00000cfe       0xdf globals.o
 .debug_info    0x00000ddd      0x49f joystick.o
 .debug_info    0x0000127c      0x1a0 usart_def.o
 *(.gnu.linkonce.wi.*)

.debug_abbrev   0x00000000      0x62a
 *(.debug_abbrev)
 .debug_abbrev  0x00000000       0x70 adc_def.o
 .debug_abbrev  0x00000070      0x120 ControleRemoto.o
 .debug_abbrev  0x00000190      0x258 controle_def.o
 .debug_abbrev  0x000003e8       0x75 globals.o
 .debug_abbrev  0x0000045d      0x10c joystick.o
 .debug_abbrev  0x00000569       0xc1 usart_def.o

.debug_line     0x00000000     0x122a
 *(.debug_line)
 .debug_line    0x00000000      0x141 adc_def.o
 .debug_line    0x00000141      0x1fb ControleRemoto.o
 .debug_line    0x0000033c      0x6f3 controle_def.o
 .debug_line    0x00000a2f      0x149 globals.o
 .debug_line    0x00000b78      0x4ff joystick.o
 .debug_line    0x00001077      0x1b3 usart_def.o

.debug_frame    0x00000000      0x250
 *(.debug_frame)
 .debug_frame   0x00000000       0x30 adc_def.o
 .debug_frame   0x00000030       0x50 ControleRemoto.o
 .debug_frame   0x00000080       0xa0 controle_def.o
 .debug_frame   0x00000120       0x20 globals.o
 .debug_frame   0x00000140       0xb0 joystick.o
 .debug_frame   0x000001f0       0x60 usart_def.o

.debug_str      0x00000000      0x7ce
 *(.debug_str)
 .debug_str     0x00000000       0xc6 adc_def.o
                                 0xfa (size before relaxing)
 .debug_str     0x000000c6      0x1b6 ControleRemoto.o
                                0x292 (size before relaxing)
 .debug_str     0x0000027c      0x1b9 controle_def.o
                                0x3d6 (size before relaxing)
 .debug_str     0x00000435       0x58 globals.o
                                0x12b (size before relaxing)
 .debug_str     0x0000048d      0x2c2 joystick.o
                                0x46e (size before relaxing)
 .debug_str     0x0000074f       0x7f usart_def.o
                                0x157 (size before relaxing)

.debug_loc      0x00000000      0x96d
 *(.debug_loc)
 .debug_loc     0x00000000       0x13 adc_def.o
 .debug_loc     0x00000013      0x3b5 controle_def.o
 .debug_loc     0x000003c8       0xb9 globals.o
 .debug_loc     0x00000481      0x3b6 joystick.o
 .debug_loc     0x00000837      0x136 usart_def.o

.debug_macinfo
 *(.debug_macinfo)
OUTPUT(ControleRemoto.elf elf32-avr)
LOAD linker stubs

.debug_pubtypes
                0x00000000      0x162
 .debug_pubtypes
                0x00000000       0x2b adc_def.o
 .debug_pubtypes
                0x0000002b       0x4c ControleRemoto.o
 .debug_pubtypes
                0x00000077       0x59 controle_def.o
 .debug_pubtypes
                0x000000d0       0x2b globals.o
 .debug_pubtypes
                0x000000fb       0x3c joystick.o
 .debug_pubtypes
                0x00000137       0x2b usart_def.o

.debug_ranges   0x00000000       0xa8
 .debug_ranges  0x00000000       0x90 controle_def.o
 .debug_ranges  0x00000090       0x18 usart_def.o
