Archive member included because of file (symbol)

c:/program files/atmel/atmel toolchain/avr8 gcc/native/3.4.1056/avr8-gnu-toolchain/bin/../lib/gcc/avr/4.8.1/avr5\libgcc.a(_exit.o)
                              c:/program files/atmel/atmel toolchain/avr8 gcc/native/3.4.1056/avr8-gnu-toolchain/bin/../lib/gcc/avr/4.8.1/../../../../avr/lib/avr5/crtm328p.o (exit)
c:/program files/atmel/atmel toolchain/avr8 gcc/native/3.4.1056/avr8-gnu-toolchain/bin/../lib/gcc/avr/4.8.1/avr5\libgcc.a(_copy_data.o)
                              ControleRemoto.o (__do_copy_data)
c:/program files/atmel/atmel toolchain/avr8 gcc/native/3.4.1056/avr8-gnu-toolchain/bin/../lib/gcc/avr/4.8.1/avr5\libgcc.a(_clear_bss.o)
                              ControleRemoto.o (__do_clear_bss)
c:/program files/atmel/atmel toolchain/avr8 gcc/native/3.4.1056/avr8-gnu-toolchain/bin/../lib/gcc/avr/4.8.1/avr5\libgcc.a(_umulhisi3.o)
                              globals.o (__umulhisi3)

Allocating common symbols
Common symbol       size              file

caracterConvertido_g
                    0x5               controle_def.o
bufferDados_g       0x12              ControleRemoto.o

Discarded input sections

 .bss           0x00000000        0x0 c:/program files/atmel/atmel toolchain/avr8 gcc/native/3.4.1056/avr8-gnu-toolchain/bin/../lib/gcc/avr/4.8.1/../../../../avr/lib/avr5/crtm328p.o
 .text          0x00000000        0x0 adc_def.o
 .bss           0x00000000        0x0 adc_def.o
 .text          0x00000000        0x0 ControleRemoto.o
 .bss           0x00000000        0x0 ControleRemoto.o
 .data.podeIniciarNovaTrasmissao
                0x00000000        0x1 ControleRemoto.o
 .text          0x00000000        0x0 controle_def.o
 .bss           0x00000000        0x0 controle_def.o
 .text.Limpa_matriz_LCD
                0x00000000       0x56 controle_def.o
 .data.estadoCarro
                0x00000000        0x1 controle_def.o
 COMMON         0x00000000        0x5 controle_def.o
 .text          0x00000000        0x0 globals.o
 .bss           0x00000000        0x0 globals.o
 .text          0x00000000        0x0 joystick.o
 .bss           0x00000000        0x0 joystick.o
 .data.pontoInicY_g
                0x00000000        0x2 joystick.o
 .data.pontoInicX_g
                0x00000000        0x2 joystick.o
 .text          0x00000000        0x0 usart_def.o
 .bss           0x00000000        0x0 usart_def.o
 .text.Usart_Receive
                0x00000000       0x10 usart_def.o
 .text.Usart_Write
                0x00000000       0x1e usart_def.o
 .text.Usart_Write_Flash
                0x00000000       0x28 usart_def.o
 .text          0x00000000        0x0 c:/program files/atmel/atmel toolchain/avr8 gcc/native/3.4.1056/avr8-gnu-toolchain/bin/../lib/gcc/avr/4.8.1/avr5\libgcc.a(_exit.o)
 .bss           0x00000000        0x0 c:/program files/atmel/atmel toolchain/avr8 gcc/native/3.4.1056/avr8-gnu-toolchain/bin/../lib/gcc/avr/4.8.1/avr5\libgcc.a(_exit.o)
 .text.libgcc.mul
                0x00000000        0x0 c:/program files/atmel/atmel toolchain/avr8 gcc/native/3.4.1056/avr8-gnu-toolchain/bin/../lib/gcc/avr/4.8.1/avr5\libgcc.a(_exit.o)
 .text.libgcc.div
                0x00000000        0x0 c:/program files/atmel/atmel toolchain/avr8 gcc/native/3.4.1056/avr8-gnu-toolchain/bin/../lib/gcc/avr/4.8.1/avr5\libgcc.a(_exit.o)
 .text.libgcc   0x00000000        0x0 c:/program files/atmel/atmel toolchain/avr8 gcc/native/3.4.1056/avr8-gnu-toolchain/bin/../lib/gcc/avr/4.8.1/avr5\libgcc.a(_exit.o)
 .text.libgcc.prologue
                0x00000000        0x0 c:/program files/atmel/atmel toolchain/avr8 gcc/native/3.4.1056/avr8-gnu-toolchain/bin/../lib/gcc/avr/4.8.1/avr5\libgcc.a(_exit.o)
 .text.libgcc.builtins
                0x00000000        0x0 c:/program files/atmel/atmel toolchain/avr8 gcc/native/3.4.1056/avr8-gnu-toolchain/bin/../lib/gcc/avr/4.8.1/avr5\libgcc.a(_exit.o)
 .text.libgcc.fmul
                0x00000000        0x0 c:/program files/atmel/atmel toolchain/avr8 gcc/native/3.4.1056/avr8-gnu-toolchain/bin/../lib/gcc/avr/4.8.1/avr5\libgcc.a(_exit.o)
 .text.libgcc.fixed
                0x00000000        0x0 c:/program files/atmel/atmel toolchain/avr8 gcc/native/3.4.1056/avr8-gnu-toolchain/bin/../lib/gcc/avr/4.8.1/avr5\libgcc.a(_exit.o)
 .text          0x00000000        0x0 c:/program files/atmel/atmel toolchain/avr8 gcc/native/3.4.1056/avr8-gnu-toolchain/bin/../lib/gcc/avr/4.8.1/avr5\libgcc.a(_copy_data.o)
 .bss           0x00000000        0x0 c:/program files/atmel/atmel toolchain/avr8 gcc/native/3.4.1056/avr8-gnu-toolchain/bin/../lib/gcc/avr/4.8.1/avr5\libgcc.a(_copy_data.o)
 .text.libgcc.mul
                0x00000000        0x0 c:/program files/atmel/atmel toolchain/avr8 gcc/native/3.4.1056/avr8-gnu-toolchain/bin/../lib/gcc/avr/4.8.1/avr5\libgcc.a(_copy_data.o)
 .text.libgcc.div
                0x00000000        0x0 c:/program files/atmel/atmel toolchain/avr8 gcc/native/3.4.1056/avr8-gnu-toolchain/bin/../lib/gcc/avr/4.8.1/avr5\libgcc.a(_copy_data.o)
 .text.libgcc   0x00000000        0x0 c:/program files/atmel/atmel toolchain/avr8 gcc/native/3.4.1056/avr8-gnu-toolchain/bin/../lib/gcc/avr/4.8.1/avr5\libgcc.a(_copy_data.o)
 .text.libgcc.prologue
                0x00000000        0x0 c:/program files/atmel/atmel toolchain/avr8 gcc/native/3.4.1056/avr8-gnu-toolchain/bin/../lib/gcc/avr/4.8.1/avr5\libgcc.a(_copy_data.o)
 .text.libgcc.builtins
                0x00000000        0x0 c:/program files/atmel/atmel toolchain/avr8 gcc/native/3.4.1056/avr8-gnu-toolchain/bin/../lib/gcc/avr/4.8.1/avr5\libgcc.a(_copy_data.o)
 .text.libgcc.fmul
                0x00000000        0x0 c:/program files/atmel/atmel toolchain/avr8 gcc/native/3.4.1056/avr8-gnu-toolchain/bin/../lib/gcc/avr/4.8.1/avr5\libgcc.a(_copy_data.o)
 .text.libgcc.fixed
                0x00000000        0x0 c:/program files/atmel/atmel toolchain/avr8 gcc/native/3.4.1056/avr8-gnu-toolchain/bin/../lib/gcc/avr/4.8.1/avr5\libgcc.a(_copy_data.o)
 .text          0x00000000        0x0 c:/program files/atmel/atmel toolchain/avr8 gcc/native/3.4.1056/avr8-gnu-toolchain/bin/../lib/gcc/avr/4.8.1/avr5\libgcc.a(_clear_bss.o)
 .bss           0x00000000        0x0 c:/program files/atmel/atmel toolchain/avr8 gcc/native/3.4.1056/avr8-gnu-toolchain/bin/../lib/gcc/avr/4.8.1/avr5\libgcc.a(_clear_bss.o)
 .text.libgcc.mul
                0x00000000        0x0 c:/program files/atmel/atmel toolchain/avr8 gcc/native/3.4.1056/avr8-gnu-toolchain/bin/../lib/gcc/avr/4.8.1/avr5\libgcc.a(_clear_bss.o)
 .text.libgcc.div
                0x00000000        0x0 c:/program files/atmel/atmel toolchain/avr8 gcc/native/3.4.1056/avr8-gnu-toolchain/bin/../lib/gcc/avr/4.8.1/avr5\libgcc.a(_clear_bss.o)
 .text.libgcc   0x00000000        0x0 c:/program files/atmel/atmel toolchain/avr8 gcc/native/3.4.1056/avr8-gnu-toolchain/bin/../lib/gcc/avr/4.8.1/avr5\libgcc.a(_clear_bss.o)
 .text.libgcc.prologue
                0x00000000        0x0 c:/program files/atmel/atmel toolchain/avr8 gcc/native/3.4.1056/avr8-gnu-toolchain/bin/../lib/gcc/avr/4.8.1/avr5\libgcc.a(_clear_bss.o)
 .text.libgcc.builtins
                0x00000000        0x0 c:/program files/atmel/atmel toolchain/avr8 gcc/native/3.4.1056/avr8-gnu-toolchain/bin/../lib/gcc/avr/4.8.1/avr5\libgcc.a(_clear_bss.o)
 .text.libgcc.fmul
                0x00000000        0x0 c:/program files/atmel/atmel toolchain/avr8 gcc/native/3.4.1056/avr8-gnu-toolchain/bin/../lib/gcc/avr/4.8.1/avr5\libgcc.a(_clear_bss.o)
 .text.libgcc.fixed
                0x00000000        0x0 c:/program files/atmel/atmel toolchain/avr8 gcc/native/3.4.1056/avr8-gnu-toolchain/bin/../lib/gcc/avr/4.8.1/avr5\libgcc.a(_clear_bss.o)
 .text          0x00000000        0x0 c:/program files/atmel/atmel toolchain/avr8 gcc/native/3.4.1056/avr8-gnu-toolchain/bin/../lib/gcc/avr/4.8.1/avr5\libgcc.a(_umulhisi3.o)
 .bss           0x00000000        0x0 c:/program files/atmel/atmel toolchain/avr8 gcc/native/3.4.1056/avr8-gnu-toolchain/bin/../lib/gcc/avr/4.8.1/avr5\libgcc.a(_umulhisi3.o)
 .text.libgcc.div
                0x00000000        0x0 c:/program files/atmel/atmel toolchain/avr8 gcc/native/3.4.1056/avr8-gnu-toolchain/bin/../lib/gcc/avr/4.8.1/avr5\libgcc.a(_umulhisi3.o)
 .text.libgcc   0x00000000        0x0 c:/program files/atmel/atmel toolchain/avr8 gcc/native/3.4.1056/avr8-gnu-toolchain/bin/../lib/gcc/avr/4.8.1/avr5\libgcc.a(_umulhisi3.o)
 .text.libgcc.prologue
                0x00000000        0x0 c:/program files/atmel/atmel toolchain/avr8 gcc/native/3.4.1056/avr8-gnu-toolchain/bin/../lib/gcc/avr/4.8.1/avr5\libgcc.a(_umulhisi3.o)
 .text.libgcc.builtins
                0x00000000        0x0 c:/program files/atmel/atmel toolchain/avr8 gcc/native/3.4.1056/avr8-gnu-toolchain/bin/../lib/gcc/avr/4.8.1/avr5\libgcc.a(_umulhisi3.o)
 .text.libgcc.fmul
                0x00000000        0x0 c:/program files/atmel/atmel toolchain/avr8 gcc/native/3.4.1056/avr8-gnu-toolchain/bin/../lib/gcc/avr/4.8.1/avr5\libgcc.a(_umulhisi3.o)
 .text.libgcc.fixed
                0x00000000        0x0 c:/program files/atmel/atmel toolchain/avr8 gcc/native/3.4.1056/avr8-gnu-toolchain/bin/../lib/gcc/avr/4.8.1/avr5\libgcc.a(_umulhisi3.o)

Memory Configuration

Name             Origin             Length             Attributes
text             0x00000000         0x00020000         xr
data             0x00800060         0x0000ffa0         rw !x
eeprom           0x00810000         0x00010000         rw !x
fuse             0x00820000         0x00000400         rw !x
lock             0x00830000         0x00000400         rw !x
signature        0x00840000         0x00000400         rw !x
user_signatures  0x00850000         0x00000400         rw !x
*default*        0x00000000         0xffffffff

Linker script and memory map

Address of section .data set to 0x800100
LOAD c:/program files/atmel/atmel toolchain/avr8 gcc/native/3.4.1056/avr8-gnu-toolchain/bin/../lib/gcc/avr/4.8.1/../../../../avr/lib/avr5/crtm328p.o
LOAD adc_def.o
LOAD ControleRemoto.o
LOAD controle_def.o
LOAD globals.o
LOAD joystick.o
LOAD usart_def.o
START GROUP
LOAD c:/program files/atmel/atmel toolchain/avr8 gcc/native/3.4.1056/avr8-gnu-toolchain/bin/../lib/gcc/avr/4.8.1/../../../../avr/lib/avr5\libm.a
END GROUP
START GROUP
LOAD c:/program files/atmel/atmel toolchain/avr8 gcc/native/3.4.1056/avr8-gnu-toolchain/bin/../lib/gcc/avr/4.8.1/avr5\libgcc.a
LOAD c:/program files/atmel/atmel toolchain/avr8 gcc/native/3.4.1056/avr8-gnu-toolchain/bin/../lib/gcc/avr/4.8.1/../../../../avr/lib/avr5\libm.a
LOAD c:/program files/atmel/atmel toolchain/avr8 gcc/native/3.4.1056/avr8-gnu-toolchain/bin/../lib/gcc/avr/4.8.1/../../../../avr/lib/avr5\libc.a
END GROUP

.hash
 *(.hash)

.dynsym
 *(.dynsym)

.dynstr
 *(.dynstr)

.gnu.version
 *(.gnu.version)

.gnu.version_d
 *(.gnu.version_d)

.gnu.version_r
 *(.gnu.version_r)

.rel.init
 *(.rel.init)

.rela.init
 *(.rela.init)

.rel.text
 *(.rel.text)
 *(.rel.text.*)
 *(.rel.gnu.linkonce.t*)

.rela.text
 *(.rela.text)
 *(.rela.text.*)
 *(.rela.gnu.linkonce.t*)

.rel.fini
 *(.rel.fini)

.rela.fini
 *(.rela.fini)

.rel.rodata
 *(.rel.rodata)
 *(.rel.rodata.*)
 *(.rel.gnu.linkonce.r*)

.rela.rodata
 *(.rela.rodata)
 *(.rela.rodata.*)
 *(.rela.gnu.linkonce.r*)

.rel.data
 *(.rel.data)
 *(.rel.data.*)
 *(.rel.gnu.linkonce.d*)

.rela.data
 *(.rela.data)
 *(.rela.data.*)
 *(.rela.gnu.linkonce.d*)

.rel.ctors
 *(.rel.ctors)

.rela.ctors
 *(.rela.ctors)

.rel.dtors
 *(.rel.dtors)

.rela.dtors
 *(.rela.dtors)

.rel.got
 *(.rel.got)

.rela.got
 *(.rela.got)

.rel.bss
 *(.rel.bss)

.rela.bss
 *(.rela.bss)

.rel.plt
 *(.rel.plt)

.rela.plt
 *(.rela.plt)

.text           0x00000000      0xb08
 *(.vectors)
 .vectors       0x00000000       0x68 c:/program files/atmel/atmel toolchain/avr8 gcc/native/3.4.1056/avr8-gnu-toolchain/bin/../lib/gcc/avr/4.8.1/../../../../avr/lib/avr5/crtm328p.o
                0x00000000                __vector_default
                0x00000000                __vectors
 *(.vectors)
 *(.progmem.gcc*)
                0x00000068                . = ALIGN (0x2)
                0x00000068                __trampolines_start = .
 *(.trampolines)
 .trampolines   0x00000068        0x0 linker stubs
 *(.trampolines*)
                0x00000068                __trampolines_end = .
 *(.progmem*)
                0x00000068                . = ALIGN (0x2)
 *(.jumptables)
 *(.jumptables*)
 *(.lowtext)
 *(.lowtext*)
                0x00000068                __ctors_start = .
 *(.ctors)
                0x00000068                __ctors_end = .
                0x00000068                __dtors_start = .
 *(.dtors)
                0x00000068                __dtors_end = .
 SORT(*)(.ctors)
 SORT(*)(.dtors)
 *(.init0)
 .init0         0x00000068        0x0 c:/program files/atmel/atmel toolchain/avr8 gcc/native/3.4.1056/avr8-gnu-toolchain/bin/../lib/gcc/avr/4.8.1/../../../../avr/lib/avr5/crtm328p.o
                0x00000068                __init
 *(.init0)
 *(.init1)
 *(.init1)
 *(.init2)
 .init2         0x00000068        0xc c:/program files/atmel/atmel toolchain/avr8 gcc/native/3.4.1056/avr8-gnu-toolchain/bin/../lib/gcc/avr/4.8.1/../../../../avr/lib/avr5/crtm328p.o
 *(.init2)
 *(.init3)
 *(.init3)
 *(.init4)
 .init4         0x00000074       0x16 c:/program files/atmel/atmel toolchain/avr8 gcc/native/3.4.1056/avr8-gnu-toolchain/bin/../lib/gcc/avr/4.8.1/avr5\libgcc.a(_copy_data.o)
                0x00000074                __do_copy_data
 .init4         0x0000008a       0x10 c:/program files/atmel/atmel toolchain/avr8 gcc/native/3.4.1056/avr8-gnu-toolchain/bin/../lib/gcc/avr/4.8.1/avr5\libgcc.a(_clear_bss.o)
                0x0000008a                __do_clear_bss
 *(.init4)
 *(.init5)
 *(.init5)
 *(.init6)
 *(.init6)
 *(.init7)
 *(.init7)
 *(.init8)
 *(.init8)
 *(.init9)
 .init9         0x0000009a        0x8 c:/program files/atmel/atmel toolchain/avr8 gcc/native/3.4.1056/avr8-gnu-toolchain/bin/../lib/gcc/avr/4.8.1/../../../../avr/lib/avr5/crtm328p.o
 *(.init9)
 *(.text)
 .text          0x000000a2        0x4 c:/program files/atmel/atmel toolchain/avr8 gcc/native/3.4.1056/avr8-gnu-toolchain/bin/../lib/gcc/avr/4.8.1/../../../../avr/lib/avr5/crtm328p.o
                0x000000a2                __vector_22
                0x000000a2                __vector_24
                0x000000a2                __vector_12
                0x000000a2                __bad_interrupt
                0x000000a2                __vector_6
                0x000000a2                __vector_3
                0x000000a2                __vector_23
                0x000000a2                __vector_25
                0x000000a2                __vector_11
                0x000000a2                __vector_13
                0x000000a2                __vector_17
                0x000000a2                __vector_19
                0x000000a2                __vector_7
                0x000000a2                __vector_5
                0x000000a2                __vector_4
                0x000000a2                __vector_9
                0x000000a2                __vector_2
                0x000000a2                __vector_15
                0x000000a2                __vector_8
                0x000000a2                __vector_14
                0x000000a2                __vector_10
                0x000000a2                __vector_16
                0x000000a2                __vector_20
                0x000000a6                . = ALIGN (0x2)
 *(.text.*)
 .text.ADC_Init
                0x000000a6       0x1a adc_def.o
                0x000000a6                ADC_Init
 .text.ADC_Read
                0x000000c0       0x28 adc_def.o
                0x000000c0                ADC_Read
 .text.__vector_1
                0x000000e8       0x24 ControleRemoto.o
                0x000000e8                __vector_1
 .text.__vector_21
                0x0000010c       0xee ControleRemoto.o
                0x0000010c                __vector_21
 .text.__vector_18
                0x000001fa       0x58 ControleRemoto.o
                0x000001fa                __vector_18
 .text.ValoresIniciaisBuffer
                0x00000252       0x24 ControleRemoto.o
                0x00000252                ValoresIniciaisBuffer
 .text.main     0x00000276       0x26 ControleRemoto.o
                0x00000276                main
 .text.cmd_LCD  0x0000029c       0x72 controle_def.o
                0x0000029c                cmd_LCD
 .text.inic_LCD_4bits
                0x0000030e       0xe2 controle_def.o
                0x0000030e                inic_LCD_4bits
 .text.escreve_LCD
                0x000003f0       0x20 controle_def.o
                0x000003f0                escreve_LCD
 .text.EscreveCaracterLCD
                0x00000410        0x8 controle_def.o
                0x00000410                EscreveCaracterLCD
 .text.LCD_setPos
                0x00000418       0x26 controle_def.o
                0x00000418                LCD_setPos
 .text.RecebeProtocolo
                0x0000043e       0x80 controle_def.o
                0x0000043e                RecebeProtocolo
 .text.TransmitiBuffer
                0x000004be       0x9e controle_def.o
                0x000004be                TransmitiBuffer
 .text.MostraDadosLCD
                0x0000055c      0x152 controle_def.o
                0x0000055c                MostraDadosLCD
 .text.CvrtNum2CaracterIndividual
                0x000006ae       0xae globals.o
                0x000006ae                CvrtNum2CaracterIndividual
 .text.ValorLidoADEixoX
                0x0000075c        0x8 joystick.o
                0x0000075c                ValorLidoADEixoX
 .text.ValorLidoADEixoY
                0x00000764        0x8 joystick.o
                0x00000764                ValorLidoADEixoY
 .text.PontoXNaPosInic
                0x0000076c       0x30 joystick.o
                0x0000076c                PontoXNaPosInic
 .text.PontoYNaPosInic
                0x0000079c       0x30 joystick.o
                0x0000079c                PontoYNaPosInic
 .text.CalculaSentido
                0x000007cc       0xf2 joystick.o
                0x000007cc                CalculaSentido
 .text.DirecaoCarro
                0x000008be       0x7a joystick.o
                0x000008be                DirecaoCarro
 .text.SoftStarterLadoEsq
                0x00000938       0x18 joystick.o
                0x00000938                SoftStarterLadoEsq
 .text.SoftStarterLadoDir
                0x00000950       0x18 joystick.o
                0x00000950                SoftStarterLadoDir
 .text.CalculaPorcentoPosicaoEixoY
                0x00000968       0x3e joystick.o
                0x00000968                CalculaPorcentoPosicaoEixoY
 .text.CalculaPorcentoPosicaoEixoX
                0x000009a6       0x3e joystick.o
                0x000009a6                CalculaPorcentoPosicaoEixoX
 .text.CalculaDutyCycleLadoDir
                0x000009e4       0x6c joystick.o
                0x000009e4                CalculaDutyCycleLadoDir
 .text.CalculaDutyCycleLadoEsq
                0x00000a50       0x6c joystick.o
                0x00000a50                CalculaDutyCycleLadoEsq
 .text.Usart_Init
                0x00000abc       0x1a usart_def.o
                0x00000abc                Usart_Init
 .text.Usart_Transmit
                0x00000ad6       0x10 usart_def.o
                0x00000ad6                Usart_Transmit
 .text.libgcc.mul
                0x00000ae6       0x1e c:/program files/atmel/atmel toolchain/avr8 gcc/native/3.4.1056/avr8-gnu-toolchain/bin/../lib/gcc/avr/4.8.1/avr5\libgcc.a(_umulhisi3.o)
                0x00000ae6                __umulhisi3
                0x00000b04                . = ALIGN (0x2)
 *(.fini9)
 .fini9         0x00000b04        0x0 c:/program files/atmel/atmel toolchain/avr8 gcc/native/3.4.1056/avr8-gnu-toolchain/bin/../lib/gcc/avr/4.8.1/avr5\libgcc.a(_exit.o)
                0x00000b04                _exit
                0x00000b04                exit
 *(.fini9)
 *(.fini8)
 *(.fini8)
 *(.fini7)
 *(.fini7)
 *(.fini6)
 *(.fini6)
 *(.fini5)
 *(.fini5)
 *(.fini4)
 *(.fini4)
 *(.fini3)
 *(.fini3)
 *(.fini2)
 *(.fini2)
 *(.fini1)
 *(.fini1)
 *(.fini0)
 .fini0         0x00000b04        0x4 c:/program files/atmel/atmel toolchain/avr8 gcc/native/3.4.1056/avr8-gnu-toolchain/bin/../lib/gcc/avr/4.8.1/avr5\libgcc.a(_exit.o)
 *(.fini0)
                0x00000b08                _etext = .

.data           0x00800100       0x18 load address 0x00000b08
                0x00800100                PROVIDE (__data_start, .)
 *(.data)
 .data          0x00800100        0x0 c:/program files/atmel/atmel toolchain/avr8 gcc/native/3.4.1056/avr8-gnu-toolchain/bin/../lib/gcc/avr/4.8.1/../../../../avr/lib/avr5/crtm328p.o
 .data          0x00800100        0x0 adc_def.o
 .data          0x00800100        0x0 ControleRemoto.o
 .data          0x00800100        0x0 controle_def.o
 .data          0x00800100        0x0 globals.o
 .data          0x00800100        0x0 joystick.o
 .data          0x00800100        0x0 usart_def.o
 .data          0x00800100        0x0 c:/program files/atmel/atmel toolchain/avr8 gcc/native/3.4.1056/avr8-gnu-toolchain/bin/../lib/gcc/avr/4.8.1/avr5\libgcc.a(_exit.o)
 .data          0x00800100        0x0 c:/program files/atmel/atmel toolchain/avr8 gcc/native/3.4.1056/avr8-gnu-toolchain/bin/../lib/gcc/avr/4.8.1/avr5\libgcc.a(_copy_data.o)
 .data          0x00800100        0x0 c:/program files/atmel/atmel toolchain/avr8 gcc/native/3.4.1056/avr8-gnu-toolchain/bin/../lib/gcc/avr/4.8.1/avr5\libgcc.a(_clear_bss.o)
 .data          0x00800100        0x0 c:/program files/atmel/atmel toolchain/avr8 gcc/native/3.4.1056/avr8-gnu-toolchain/bin/../lib/gcc/avr/4.8.1/avr5\libgcc.a(_umulhisi3.o)
 *(.data*)
 .data.contador.1690
                0x00800100        0x1 controle_def.o
 .data.estadoCarro_g.1626
                0x00800101        0x1 joystick.o
 .data.limSupPontoInicY_g
                0x00800102        0x2 joystick.o
                0x00800102                limSupPontoInicY_g
 .data.limInfPontoInicY_g
                0x00800104        0x2 joystick.o
                0x00800104                limInfPontoInicY_g
 .data.limSupPontoInicX_g
                0x00800106        0x2 joystick.o
                0x00800106                limSupPontoInicX_g
 .data.limInfPontoInicX_g
                0x00800108        0x2 joystick.o
                0x00800108                limInfPontoInicX_g
 *(.rodata)
 *(.rodata*)
 .rodata.str1.1
                0x0080010a        0xe controle_def.o
 *(.gnu.linkonce.d*)
                0x00800118                . = ALIGN (0x2)
                0x00800118                _edata = .
                0x00800118                PROVIDE (__data_end, .)

.bss            0x00800118       0x17
                0x00800118                PROVIDE (__bss_start, .)
 *(.bss)
 *(.bss*)
 .bss.contBounce.1648
                0x00800118        0x2 ControleRemoto.o
 .bss.contador.1647
                0x0080011a        0x1 ControleRemoto.o
 .bss.dutyAnteriorLadoDir_g
                0x0080011b        0x1 joystick.o
                0x0080011b                dutyAnteriorLadoDir_g
 .bss.dutyAnteriorLadoEsq_g
                0x0080011c        0x1 joystick.o
                0x0080011c                dutyAnteriorLadoEsq_g
 *(COMMON)
 COMMON         0x0080011d       0x12 ControleRemoto.o
                0x0080011d                bufferDados_g
                0x0080012f                PROVIDE (__bss_end, .)
                0x00000b08                __data_load_start = LOADADDR (.data)
                0x00000b20                __data_load_end = (__data_load_start + SIZEOF (.data))

.noinit         0x0080012f        0x0
                0x0080012f                PROVIDE (__noinit_start, .)
 *(.noinit*)
                0x0080012f                PROVIDE (__noinit_end, .)
                0x0080012f                _end = .
                0x0080012f                PROVIDE (__heap_start, .)

.eeprom         0x00810000        0x0
 *(.eeprom*)
                0x00810000                __eeprom_end = .

.fuse
 *(.fuse)
 *(.lfuse)
 *(.hfuse)
 *(.efuse)

.lock
 *(.lock*)

.signature
 *(.signature*)

.user_signatures
 *(.user_signatures*)

.stab
 *(.stab)

.stabstr
 *(.stabstr)

.stab.excl
 *(.stab.excl)

.stab.exclstr
 *(.stab.exclstr)

.stab.index
 *(.stab.index)

.stab.indexstr
 *(.stab.indexstr)

.comment        0x00000000       0x30
 *(.comment)
 .comment       0x00000000       0x30 adc_def.o
                                 0x31 (size before relaxing)
 .comment       0x00000000       0x31 ControleRemoto.o
 .comment       0x00000000       0x31 controle_def.o
 .comment       0x00000000       0x31 globals.o
 .comment       0x00000000       0x31 joystick.o
 .comment       0x00000000       0x31 usart_def.o

.note.gnu.build-id
 *(.note.gnu.build-id)

.debug
 *(.debug)

.line
 *(.line)

.debug_srcinfo
 *(.debug_srcinfo)

.debug_sfnames
 *(.debug_sfnames)

.debug_aranges  0x00000000      0x1a0
 *(.debug_aranges)
 .debug_aranges
                0x00000000       0x28 adc_def.o
 .debug_aranges
                0x00000028       0x40 ControleRemoto.o
 .debug_aranges
                0x00000068       0x60 controle_def.o
 .debug_aranges
                0x000000c8       0x20 globals.o
 .debug_aranges
                0x000000e8       0x78 joystick.o
 .debug_aranges
                0x00000160       0x40 usart_def.o

.debug_pubnames
 *(.debug_pubnames)

.debug_info     0x00000000     0x1b55
 *(.debug_info .gnu.linkonce.wi.*)
 .debug_info    0x00000000       0xb7 adc_def.o
 .debug_info    0x000000b7      0x3bd ControleRemoto.o
 .debug_info    0x00000474      0xe1c controle_def.o
 .debug_info    0x00001290       0xe4 globals.o
 .debug_info    0x00001374      0x630 joystick.o
 .debug_info    0x000019a4      0x1b1 usart_def.o

.debug_abbrev   0x00000000      0x77f
 *(.debug_abbrev)
 .debug_abbrev  0x00000000       0x78 adc_def.o
 .debug_abbrev  0x00000078      0x18f ControleRemoto.o
 .debug_abbrev  0x00000207      0x292 controle_def.o
 .debug_abbrev  0x00000499       0x7a globals.o
 .debug_abbrev  0x00000513      0x17c joystick.o
 .debug_abbrev  0x0000068f       0xf0 usart_def.o

.debug_line     0x00000000      0x9a0
 *(.debug_line .debug_line.* .debug_line_end)
 .debug_line    0x00000000       0xc9 adc_def.o
 .debug_line    0x000000c9      0x156 ControleRemoto.o
 .debug_line    0x0000021f      0x34e controle_def.o
 .debug_line    0x0000056d       0xcc globals.o
 .debug_line    0x00000639      0x24f joystick.o
 .debug_line    0x00000888      0x118 usart_def.o

.debug_frame    0x00000000      0x408
 *(.debug_frame)
 .debug_frame   0x00000000       0x34 adc_def.o
 .debug_frame   0x00000034      0x10c ControleRemoto.o
 .debug_frame   0x00000140      0x108 controle_def.o
 .debug_frame   0x00000248       0x34 globals.o
 .debug_frame   0x0000027c      0x110 joystick.o
 .debug_frame   0x0000038c       0x7c usart_def.o

.debug_str      0x00000000      0x88a
 *(.debug_str)
 .debug_str     0x00000000      0x17c adc_def.o
                                0x1b0 (size before relaxing)
 .debug_str     0x0000017c      0x219 ControleRemoto.o
                                0x3ab (size before relaxing)
 .debug_str     0x00000395      0x1be controle_def.o
                                0x4d3 (size before relaxing)
 .debug_str     0x00000553       0x3d globals.o
                                0x1e1 (size before relaxing)
 .debug_str     0x00000590      0x2a1 joystick.o
                                0x519 (size before relaxing)
 .debug_str     0x00000831       0x59 usart_def.o
                                0x201 (size before relaxing)

.debug_loc      0x00000000     0x1043
 *(.debug_loc)
 .debug_loc     0x00000000       0x21 adc_def.o
 .debug_loc     0x00000021      0x1ec ControleRemoto.o
 .debug_loc     0x0000020d      0x5cf controle_def.o
 .debug_loc     0x000007dc      0x164 globals.o
 .debug_loc     0x00000940      0x51a joystick.o
 .debug_loc     0x00000e5a      0x1e9 usart_def.o

.debug_macinfo
 *(.debug_macinfo)

.debug_weaknames
 *(.debug_weaknames)

.debug_funcnames
 *(.debug_funcnames)

.debug_typenames
 *(.debug_typenames)

.debug_varnames
 *(.debug_varnames)

.debug_pubtypes
 *(.debug_pubtypes)

.debug_ranges   0x00000000      0x1a0
 *(.debug_ranges)
 .debug_ranges  0x00000000       0x18 adc_def.o
 .debug_ranges  0x00000018       0x30 ControleRemoto.o
 .debug_ranges  0x00000048       0x98 controle_def.o
 .debug_ranges  0x000000e0       0x10 globals.o
 .debug_ranges  0x000000f0       0x68 joystick.o
 .debug_ranges  0x00000158       0x48 usart_def.o

.debug_macro
 *(.debug_macro)
OUTPUT(ControleRemoto.elf elf32-avr)
LOAD linker stubs
