Archive member included because of file (symbol)

c:/program files/atmel/avr studio 5.1/extensions/atmel/avrgcc/3.3.1.27/avrtoolchain/bin/../lib/gcc/avr/4.5.1/avr5\libgcc.a(_udivmodhi4.o)
                              globals.o (__udivmodhi4)
c:/program files/atmel/avr studio 5.1/extensions/atmel/avrgcc/3.3.1.27/avrtoolchain/bin/../lib/gcc/avr/4.5.1/avr5\libgcc.a(_exit.o)
                              c:/program files/atmel/avr studio 5.1/extensions/atmel/avrgcc/3.3.1.27/avrtoolchain/bin/../lib/gcc/avr/4.5.1/../../../../avr/lib/avr5/crtm328p.o (exit)
c:/program files/atmel/avr studio 5.1/extensions/atmel/avrgcc/3.3.1.27/avrtoolchain/bin/../lib/gcc/avr/4.5.1/avr5\libgcc.a(_copy_data.o)
                              ControleRemoto.o (__do_copy_data)
c:/program files/atmel/avr studio 5.1/extensions/atmel/avrgcc/3.3.1.27/avrtoolchain/bin/../lib/gcc/avr/4.5.1/avr5\libgcc.a(_clear_bss.o)
                              ControleRemoto.o (__do_clear_bss)

Allocating common symbols
Common symbol       size              file

dadosLCD            0x7               controle_def.o
bufferRecepcao_g    0x6               controle_def.o
caracterConvertido_g
                    0x5               controle_def.o

Memory Configuration

Name             Origin             Length             Attributes
text             0x00000000         0x00020000         xr
data             0x00800060         0x0000ffa0         rw !x
eeprom           0x00810000         0x00010000         rw !x
fuse             0x00820000         0x00000400         rw !x
lock             0x00830000         0x00000400         rw !x
signature        0x00840000         0x00000400         rw !x
*default*        0x00000000         0xffffffff

Linker script and memory map

Address of section .data set to 0x800100
LOAD c:/program files/atmel/avr studio 5.1/extensions/atmel/avrgcc/3.3.1.27/avrtoolchain/bin/../lib/gcc/avr/4.5.1/../../../../avr/lib/avr5/crtm328p.o
LOAD adc_def.o
LOAD ControleRemoto.o
LOAD controle_def.o
LOAD globals.o
LOAD joystick.o
LOAD usart_def.o
LOAD c:/program files/atmel/avr studio 5.1/extensions/atmel/avrgcc/3.3.1.27/avrtoolchain/bin/../lib/gcc/avr/4.5.1/../../../../avr/lib/avr5\libm.a
LOAD c:/program files/atmel/avr studio 5.1/extensions/atmel/avrgcc/3.3.1.27/avrtoolchain/bin/../lib/gcc/avr/4.5.1/avr5\libgcc.a
LOAD c:/program files/atmel/avr studio 5.1/extensions/atmel/avrgcc/3.3.1.27/avrtoolchain/bin/../lib/gcc/avr/4.5.1/../../../../avr/lib/avr5\libc.a
LOAD c:/program files/atmel/avr studio 5.1/extensions/atmel/avrgcc/3.3.1.27/avrtoolchain/bin/../lib/gcc/avr/4.5.1/avr5\libgcc.a

.hash
 *(.hash)

.dynsym
 *(.dynsym)

.dynstr
 *(.dynstr)

.gnu.version
 *(.gnu.version)

.gnu.version_d
 *(.gnu.version_d)

.gnu.version_r
 *(.gnu.version_r)

.rel.init
 *(.rel.init)

.rela.init
 *(.rela.init)

.rel.text
 *(.rel.text)
 *(.rel.text.*)
 *(.rel.gnu.linkonce.t*)

.rela.text
 *(.rela.text)
 *(.rela.text.*)
 *(.rela.gnu.linkonce.t*)

.rel.fini
 *(.rel.fini)

.rela.fini
 *(.rela.fini)

.rel.rodata
 *(.rel.rodata)
 *(.rel.rodata.*)
 *(.rel.gnu.linkonce.r*)

.rela.rodata
 *(.rela.rodata)
 *(.rela.rodata.*)
 *(.rela.gnu.linkonce.r*)

.rel.data
 *(.rel.data)
 *(.rel.data.*)
 *(.rel.gnu.linkonce.d*)

.rela.data
 *(.rela.data)
 *(.rela.data.*)
 *(.rela.gnu.linkonce.d*)

.rel.ctors
 *(.rel.ctors)

.rela.ctors
 *(.rela.ctors)

.rel.dtors
 *(.rel.dtors)

.rela.dtors
 *(.rela.dtors)

.rel.got
 *(.rel.got)

.rela.got
 *(.rela.got)

.rel.bss
 *(.rel.bss)

.rela.bss
 *(.rela.bss)

.rel.plt
 *(.rel.plt)

.rela.plt
 *(.rela.plt)

.text           0x00000000      0xad6
 *(.vectors)
 .vectors       0x00000000       0x68 c:/program files/atmel/avr studio 5.1/extensions/atmel/avrgcc/3.3.1.27/avrtoolchain/bin/../lib/gcc/avr/4.5.1/../../../../avr/lib/avr5/crtm328p.o
                0x00000000                __vector_default
                0x00000000                __vectors
 *(.vectors)
 *(.progmem.gcc*)
 *(.progmem*)
                0x00000068                . = ALIGN (0x2)
                0x00000068                __trampolines_start = .
 *(.trampolines)
 .trampolines   0x00000068        0x0 linker stubs
 *(.trampolines*)
                0x00000068                __trampolines_end = .
 *(.jumptables)
 *(.jumptables*)
 *(.lowtext)
 *(.lowtext*)
                0x00000068                __ctors_start = .
 *(.ctors)
                0x00000068                __ctors_end = .
                0x00000068                __dtors_start = .
 *(.dtors)
                0x00000068                __dtors_end = .
 SORT(*)(.ctors)
 SORT(*)(.dtors)
 *(.init0)
 .init0         0x00000068        0x0 c:/program files/atmel/avr studio 5.1/extensions/atmel/avrgcc/3.3.1.27/avrtoolchain/bin/../lib/gcc/avr/4.5.1/../../../../avr/lib/avr5/crtm328p.o
                0x00000068                __init
 *(.init0)
 *(.init1)
 *(.init1)
 *(.init2)
 .init2         0x00000068        0xc c:/program files/atmel/avr studio 5.1/extensions/atmel/avrgcc/3.3.1.27/avrtoolchain/bin/../lib/gcc/avr/4.5.1/../../../../avr/lib/avr5/crtm328p.o
 *(.init2)
 *(.init3)
 *(.init3)
 *(.init4)
 .init4         0x00000074       0x16 c:/program files/atmel/avr studio 5.1/extensions/atmel/avrgcc/3.3.1.27/avrtoolchain/bin/../lib/gcc/avr/4.5.1/avr5\libgcc.a(_copy_data.o)
                0x00000074                __do_copy_data
 .init4         0x0000008a       0x10 c:/program files/atmel/avr studio 5.1/extensions/atmel/avrgcc/3.3.1.27/avrtoolchain/bin/../lib/gcc/avr/4.5.1/avr5\libgcc.a(_clear_bss.o)
                0x0000008a                __do_clear_bss
 *(.init4)
 *(.init5)
 *(.init5)
 *(.init6)
 *(.init6)
 *(.init7)
 *(.init7)
 *(.init8)
 *(.init8)
 *(.init9)
 .init9         0x0000009a        0x8 c:/program files/atmel/avr studio 5.1/extensions/atmel/avrgcc/3.3.1.27/avrtoolchain/bin/../lib/gcc/avr/4.5.1/../../../../avr/lib/avr5/crtm328p.o
 *(.init9)
 *(.text)
 .text          0x000000a2        0x4 c:/program files/atmel/avr studio 5.1/extensions/atmel/avrgcc/3.3.1.27/avrtoolchain/bin/../lib/gcc/avr/4.5.1/../../../../avr/lib/avr5/crtm328p.o
                0x000000a2                __vector_22
                0x000000a2                __vector_1
                0x000000a2                __vector_24
                0x000000a2                __vector_12
                0x000000a2                __bad_interrupt
                0x000000a2                __vector_6
                0x000000a2                __vector_3
                0x000000a2                __vector_23
                0x000000a2                __vector_25
                0x000000a2                __vector_11
                0x000000a2                __vector_13
                0x000000a2                __vector_17
                0x000000a2                __vector_19
                0x000000a2                __vector_7
                0x000000a2                __vector_5
                0x000000a2                __vector_4
                0x000000a2                __vector_9
                0x000000a2                __vector_2
                0x000000a2                __vector_15
                0x000000a2                __vector_8
                0x000000a2                __vector_14
                0x000000a2                __vector_10
                0x000000a2                __vector_16
                0x000000a2                __vector_20
 .text          0x000000a6       0x46 adc_def.o
                0x000000a6                ADC_Init
                0x000000c0                ADC_Read
 .text          0x000000ec      0x130 ControleRemoto.o
                0x000000ec                __vector_21
                0x00000172                __vector_18
                0x000001e0                main
 .text          0x0000021c      0x438 controle_def.o
                0x0000021c                cmd_LCD
                0x0000028e                inic_LCD_4bits
                0x00000370                escreve_LCD
                0x00000390                EscreveCaracterLCD
                0x00000398                LCD_setPos
                0x000003c0                Limpa_matriz_LCD
                0x00000416                TransmitiBuffer
                0x00000448                Inicializacoes
                0x0000046a                MostraDadosLCD
                0x000005ce                Protocolo
                0x000005f4                RecebeProtocolo
 .text          0x00000654       0x60 globals.o
                0x00000654                CvrtNum2CaracterIndividual
 .text          0x000006b4      0x376 joystick.o
                0x000006b4                ValorLidoADEixoX
                0x000006bc                ValorLidoADEixoY
                0x000006c4                PontoXNaPosInic
                0x000006fa                PontoYNaPosInic
                0x00000730                CalculaSentido
                0x00000826                DirecaoCarro
                0x000008aa                CalculaPorcentoPosicaoEixoY
                0x00000902                CalculaPorcentoPosicaoEixoX
                0x0000096a                CalculaDutyCycleLadoEsq
                0x000009ca                CalculaDutyCycleLadoDir
 .text          0x00000a2a       0x80 usart_def.o
                0x00000a2a                Usart_Init
                0x00000a44                Usart_Transmit
                0x00000a54                Usart_Receive
                0x00000a64                Usart_Write
                0x00000a82                Usart_Write_Flash
 .text          0x00000aaa        0x0 c:/program files/atmel/avr studio 5.1/extensions/atmel/avrgcc/3.3.1.27/avrtoolchain/bin/../lib/gcc/avr/4.5.1/avr5\libgcc.a(_udivmodhi4.o)
 .text          0x00000aaa        0x0 c:/program files/atmel/avr studio 5.1/extensions/atmel/avrgcc/3.3.1.27/avrtoolchain/bin/../lib/gcc/avr/4.5.1/avr5\libgcc.a(_exit.o)
 .text          0x00000aaa        0x0 c:/program files/atmel/avr studio 5.1/extensions/atmel/avrgcc/3.3.1.27/avrtoolchain/bin/../lib/gcc/avr/4.5.1/avr5\libgcc.a(_copy_data.o)
 .text          0x00000aaa        0x0 c:/program files/atmel/avr studio 5.1/extensions/atmel/avrgcc/3.3.1.27/avrtoolchain/bin/../lib/gcc/avr/4.5.1/avr5\libgcc.a(_clear_bss.o)
                0x00000aaa                . = ALIGN (0x2)
 *(.text.*)
 .text.libgcc   0x00000aaa       0x28 c:/program files/atmel/avr studio 5.1/extensions/atmel/avrgcc/3.3.1.27/avrtoolchain/bin/../lib/gcc/avr/4.5.1/avr5\libgcc.a(_udivmodhi4.o)
                0x00000aaa                __udivmodhi4
 .text.libgcc   0x00000ad2        0x0 c:/program files/atmel/avr studio 5.1/extensions/atmel/avrgcc/3.3.1.27/avrtoolchain/bin/../lib/gcc/avr/4.5.1/avr5\libgcc.a(_exit.o)
 .text.libgcc   0x00000ad2        0x0 c:/program files/atmel/avr studio 5.1/extensions/atmel/avrgcc/3.3.1.27/avrtoolchain/bin/../lib/gcc/avr/4.5.1/avr5\libgcc.a(_copy_data.o)
 .text.libgcc   0x00000ad2        0x0 c:/program files/atmel/avr studio 5.1/extensions/atmel/avrgcc/3.3.1.27/avrtoolchain/bin/../lib/gcc/avr/4.5.1/avr5\libgcc.a(_clear_bss.o)
                0x00000ad2                . = ALIGN (0x2)
 *(.fini9)
 .fini9         0x00000ad2        0x0 c:/program files/atmel/avr studio 5.1/extensions/atmel/avrgcc/3.3.1.27/avrtoolchain/bin/../lib/gcc/avr/4.5.1/avr5\libgcc.a(_exit.o)
                0x00000ad2                _exit
                0x00000ad2                exit
 *(.fini9)
 *(.fini8)
 *(.fini8)
 *(.fini7)
 *(.fini7)
 *(.fini6)
 *(.fini6)
 *(.fini5)
 *(.fini5)
 *(.fini4)
 *(.fini4)
 *(.fini3)
 *(.fini3)
 *(.fini2)
 *(.fini2)
 *(.fini1)
 *(.fini1)
 *(.fini0)
 .fini0         0x00000ad2        0x4 c:/program files/atmel/avr studio 5.1/extensions/atmel/avrgcc/3.3.1.27/avrtoolchain/bin/../lib/gcc/avr/4.5.1/avr5\libgcc.a(_exit.o)
 *(.fini0)
                0x00000ad6                _etext = .

.data           0x00800100       0x2c load address 0x00000ad6
                0x00800100                PROVIDE (__data_start, .)
 *(.data)
 .data          0x00800100        0x0 c:/program files/atmel/avr studio 5.1/extensions/atmel/avrgcc/3.3.1.27/avrtoolchain/bin/../lib/gcc/avr/4.5.1/../../../../avr/lib/avr5/crtm328p.o
 .data          0x00800100        0x0 adc_def.o
 .data          0x00800100        0xe ControleRemoto.o
                0x0080010d                podeIniciarNovaTrasmissao
 .data          0x0080010e       0x10 controle_def.o
                0x0080011c                estadoCarro
 .data          0x0080011e        0x0 globals.o
 .data          0x0080011e        0xd joystick.o
                0x0080011e                pontoInicX_g
                0x00800120                limInfPontoInicX_g
                0x00800122                limSupPontoInicX_g
                0x00800124                pontoInicY_g
                0x00800126                limInfPontoInicY_g
                0x00800128                limSupPontoInicY_g
 .data          0x0080012b        0x0 usart_def.o
 .data          0x0080012b        0x0 c:/program files/atmel/avr studio 5.1/extensions/atmel/avrgcc/3.3.1.27/avrtoolchain/bin/../lib/gcc/avr/4.5.1/avr5\libgcc.a(_udivmodhi4.o)
 .data          0x0080012b        0x0 c:/program files/atmel/avr studio 5.1/extensions/atmel/avrgcc/3.3.1.27/avrtoolchain/bin/../lib/gcc/avr/4.5.1/avr5\libgcc.a(_exit.o)
 .data          0x0080012b        0x0 c:/program files/atmel/avr studio 5.1/extensions/atmel/avrgcc/3.3.1.27/avrtoolchain/bin/../lib/gcc/avr/4.5.1/avr5\libgcc.a(_copy_data.o)
 .data          0x0080012b        0x0 c:/program files/atmel/avr studio 5.1/extensions/atmel/avrgcc/3.3.1.27/avrtoolchain/bin/../lib/gcc/avr/4.5.1/avr5\libgcc.a(_clear_bss.o)
 *(.data*)
 *(.rodata)
 *(.rodata*)
 *(.gnu.linkonce.d*)
                0x0080012c                . = ALIGN (0x2)
 *fill*         0x0080012b        0x1 00
                0x0080012c                _edata = .
                0x0080012c                PROVIDE (__data_end, .)

.bss            0x0080012c       0x13
                0x0080012c                PROVIDE (__bss_start, .)
 *(.bss)
 .bss           0x0080012c        0x0 c:/program files/atmel/avr studio 5.1/extensions/atmel/avrgcc/3.3.1.27/avrtoolchain/bin/../lib/gcc/avr/4.5.1/../../../../avr/lib/avr5/crtm328p.o
 .bss           0x0080012c        0x0 adc_def.o
 .bss           0x0080012c        0x1 ControleRemoto.o
 .bss           0x0080012d        0x0 controle_def.o
 .bss           0x0080012d        0x0 globals.o
 .bss           0x0080012d        0x0 joystick.o
 .bss           0x0080012d        0x0 usart_def.o
 .bss           0x0080012d        0x0 c:/program files/atmel/avr studio 5.1/extensions/atmel/avrgcc/3.3.1.27/avrtoolchain/bin/../lib/gcc/avr/4.5.1/avr5\libgcc.a(_udivmodhi4.o)
 .bss           0x0080012d        0x0 c:/program files/atmel/avr studio 5.1/extensions/atmel/avrgcc/3.3.1.27/avrtoolchain/bin/../lib/gcc/avr/4.5.1/avr5\libgcc.a(_exit.o)
 .bss           0x0080012d        0x0 c:/program files/atmel/avr studio 5.1/extensions/atmel/avrgcc/3.3.1.27/avrtoolchain/bin/../lib/gcc/avr/4.5.1/avr5\libgcc.a(_copy_data.o)
 .bss           0x0080012d        0x0 c:/program files/atmel/avr studio 5.1/extensions/atmel/avrgcc/3.3.1.27/avrtoolchain/bin/../lib/gcc/avr/4.5.1/avr5\libgcc.a(_clear_bss.o)
 *(.bss*)
 *(COMMON)
 COMMON         0x0080012d       0x12 controle_def.o
                0x0080012d                dadosLCD
                0x00800134                bufferRecepcao_g
                0x0080013a                caracterConvertido_g
                0x0080013f                PROVIDE (__bss_end, .)
                0x00000ad6                __data_load_start = LOADADDR (.data)
                0x00000b02                __data_load_end = (__data_load_start + SIZEOF (.data))

.noinit         0x0080013f        0x0
                0x0080013f                PROVIDE (__noinit_start, .)
 *(.noinit*)
                0x0080013f                PROVIDE (__noinit_end, .)
                0x0080013f                _end = .
                0x0080013f                PROVIDE (__heap_start, .)

.eeprom         0x00810000        0x0
 *(.eeprom*)
                0x00810000                __eeprom_end = .

.fuse
 *(.fuse)
 *(.lfuse)
 *(.hfuse)
 *(.efuse)

.lock
 *(.lock*)

.signature
 *(.signature*)

.stab           0x00000000      0x6cc
 *(.stab)
 .stab          0x00000000      0x6cc c:/program files/atmel/avr studio 5.1/extensions/atmel/avrgcc/3.3.1.27/avrtoolchain/bin/../lib/gcc/avr/4.5.1/../../../../avr/lib/avr5/crtm328p.o

.stabstr        0x00000000       0x90
 *(.stabstr)
 .stabstr       0x00000000       0x90 c:/program files/atmel/avr studio 5.1/extensions/atmel/avrgcc/3.3.1.27/avrtoolchain/bin/../lib/gcc/avr/4.5.1/../../../../avr/lib/avr5/crtm328p.o

.stab.excl
 *(.stab.excl)

.stab.exclstr
 *(.stab.exclstr)

.stab.index
 *(.stab.index)

.stab.indexstr
 *(.stab.indexstr)

.comment
 *(.comment)

.debug
 *(.debug)

.line
 *(.line)

.debug_srcinfo
 *(.debug_srcinfo)

.debug_sfnames
 *(.debug_sfnames)

.debug_aranges  0x00000000       0xc0
 *(.debug_aranges)
 .debug_aranges
                0x00000000       0x20 adc_def.o
 .debug_aranges
                0x00000020       0x20 ControleRemoto.o
 .debug_aranges
                0x00000040       0x20 controle_def.o
 .debug_aranges
                0x00000060       0x20 globals.o
 .debug_aranges
                0x00000080       0x20 joystick.o
 .debug_aranges
                0x000000a0       0x20 usart_def.o

.debug_pubnames
                0x00000000      0x3c3
 *(.debug_pubnames)
 .debug_pubnames
                0x00000000       0x2c adc_def.o
 .debug_pubnames
                0x0000002c       0x59 ControleRemoto.o
 .debug_pubnames
                0x00000085      0x123 controle_def.o
 .debug_pubnames
                0x000001a8       0x31 globals.o
 .debug_pubnames
                0x000001d9      0x17e joystick.o
 .debug_pubnames
                0x00000357       0x6c usart_def.o

.debug_info     0x00000000     0x132d
 *(.debug_info)
 .debug_info    0x00000000       0xb1 adc_def.o
 .debug_info    0x000000b1      0x133 ControleRemoto.o
 .debug_info    0x000001e4      0xa29 controle_def.o
 .debug_info    0x00000c0d       0xdf globals.o
 .debug_info    0x00000cec      0x4a1 joystick.o
 .debug_info    0x0000118d      0x1a0 usart_def.o
 *(.gnu.linkonce.wi.*)

.debug_abbrev   0x00000000      0x60c
 *(.debug_abbrev)
 .debug_abbrev  0x00000000       0x70 adc_def.o
 .debug_abbrev  0x00000070       0xd5 ControleRemoto.o
 .debug_abbrev  0x00000145      0x267 controle_def.o
 .debug_abbrev  0x000003ac       0x75 globals.o
 .debug_abbrev  0x00000421      0x12a joystick.o
 .debug_abbrev  0x0000054b       0xc1 usart_def.o

.debug_line     0x00000000     0x1249
 *(.debug_line)
 .debug_line    0x00000000      0x141 adc_def.o
 .debug_line    0x00000141      0x1b8 ControleRemoto.o
 .debug_line    0x000002f9      0x755 controle_def.o
 .debug_line    0x00000a4e      0x149 globals.o
 .debug_line    0x00000b97      0x4ff joystick.o
 .debug_line    0x00001096      0x1b3 usart_def.o

.debug_frame    0x00000000      0x260
 *(.debug_frame)
 .debug_frame   0x00000000       0x30 adc_def.o
 .debug_frame   0x00000030       0x40 ControleRemoto.o
 .debug_frame   0x00000070       0xc0 controle_def.o
 .debug_frame   0x00000130       0x20 globals.o
 .debug_frame   0x00000150       0xb0 joystick.o
 .debug_frame   0x00000200       0x60 usart_def.o

.debug_str      0x00000000      0x79a
 *(.debug_str)
 .debug_str     0x00000000       0xc6 adc_def.o
                                 0xfa (size before relaxing)
 .debug_str     0x000000c6       0x89 ControleRemoto.o
                                0x153 (size before relaxing)
 .debug_str     0x0000014f      0x2b2 controle_def.o
                                0x3d7 (size before relaxing)
 .debug_str     0x00000401       0x58 globals.o
                                0x12b (size before relaxing)
 .debug_str     0x00000459      0x2c2 joystick.o
                                0x46e (size before relaxing)
 .debug_str     0x0000071b       0x7f usart_def.o
                                0x157 (size before relaxing)

.debug_loc      0x00000000      0x8fc
 *(.debug_loc)
 .debug_loc     0x00000000       0x13 adc_def.o
 .debug_loc     0x00000013       0x13 ControleRemoto.o
 .debug_loc     0x00000026      0x331 controle_def.o
 .debug_loc     0x00000357       0xb9 globals.o
 .debug_loc     0x00000410      0x3b6 joystick.o
 .debug_loc     0x000007c6      0x136 usart_def.o

.debug_macinfo
 *(.debug_macinfo)
OUTPUT(ControleRemoto.elf elf32-avr)
LOAD linker stubs

.debug_pubtypes
                0x00000000      0x141
 .debug_pubtypes
                0x00000000       0x2b adc_def.o
 .debug_pubtypes
                0x0000002b       0x1e ControleRemoto.o
 .debug_pubtypes
                0x00000049       0x66 controle_def.o
 .debug_pubtypes
                0x000000af       0x2b globals.o
 .debug_pubtypes
                0x000000da       0x3c joystick.o
 .debug_pubtypes
                0x00000116       0x2b usart_def.o

.debug_ranges   0x00000000       0xa8
 .debug_ranges  0x00000000       0x90 controle_def.o
 .debug_ranges  0x00000090       0x18 usart_def.o
